Archive member included because of file (symbol)

/opt/microchip/xc32/v1.44/bin/bin/../../lib/gcc/pic32mx/4.8.3/../../../../pic32mx/lib/libmchp_peripheral.a(read_core_timer_lib.o)
                              build/default/production/delay/delay.o (ReadCoreTimer)
/opt/microchip/xc32/v1.44/bin/bin/../../lib/gcc/pic32mx/4.8.3/../../../../pic32mx/lib/libmchp_peripheral_32MX795F512L.a(eth_ack_packet_lib.o)
                              build/default/production/net/ETHPIC32IntMac.o (EthRxAcknowledgeBuffer)
/opt/microchip/xc32/v1.44/bin/bin/../../lib/gcc/pic32mx/4.8.3/../../../../pic32mx/lib/libmchp_peripheral_32MX795F512L.a(eth_descriptors_add_lib.o)
                              /opt/microchip/xc32/v1.44/bin/bin/../../lib/gcc/pic32mx/4.8.3/../../../../pic32mx/lib/libmchp_peripheral_32MX795F512L.a(eth_ack_packet_lib.o) (_EthTxFreeList)
/opt/microchip/xc32/v1.44/bin/bin/../../lib/gcc/pic32mx/4.8.3/../../../../pic32mx/lib/libmchp_peripheral_32MX795F512L.a(eth_init_lib.o)
                              build/default/production/net/ETHPIC32IntMac.o (EthInit)
/opt/microchip/xc32/v1.44/bin/bin/../../lib/gcc/pic32mx/4.8.3/../../../../pic32mx/lib/libmchp_peripheral_32MX795F512L.a(eth_mac_open_lib.o)
                              build/default/production/net/ETHPIC32IntMac.o (EthMACOpen)
/opt/microchip/xc32/v1.44/bin/bin/../../lib/gcc/pic32mx/4.8.3/../../../../pic32mx/lib/libmchp_peripheral_32MX795F512L.a(eth_mac_set_address_max_lib.o)
                              build/default/production/net/ETHPIC32IntMac.o (EthMACSetAddress)
/opt/microchip/xc32/v1.44/bin/bin/../../lib/gcc/pic32mx/4.8.3/../../../../pic32mx/lib/libmchp_peripheral_32MX795F512L.a(eth_rx_buffers_append_lib.o)
                              build/default/production/net/ETHPIC32IntMac.o (EthRxBuffersAppend)
/opt/microchip/xc32/v1.44/bin/bin/../../lib/gcc/pic32mx/4.8.3/../../../../pic32mx/lib/libmchp_peripheral_32MX795F512L.a(eth_rx_filters_lib.o)
                              build/default/production/net/ETHPIC32IntMac.o (EthRxFiltersSet)
/opt/microchip/xc32/v1.44/bin/bin/../../lib/gcc/pic32mx/4.8.3/../../../../pic32mx/lib/libmchp_peripheral_32MX795F512L.a(eth_rx_get_packet_lib.o)
                              build/default/production/net/ETHPIC32IntMac.o (EthRxGetBuffer)
/opt/microchip/xc32/v1.44/bin/bin/../../lib/gcc/pic32mx/4.8.3/../../../../pic32mx/lib/libmchp_peripheral_32MX795F512L.a(eth_rx_set_buffer_size_lib.o)
                              build/default/production/net/ETHPIC32IntMac.o (EthRxSetBufferSize)
/opt/microchip/xc32/v1.44/bin/bin/../../lib/gcc/pic32mx/4.8.3/../../../../pic32mx/lib/libmchp_peripheral_32MX795F512L.a(eth_tx_packet_lib.o)
                              build/default/production/net/ETHPIC32IntMac.o (EthTxSendBuffer)
/opt/microchip/xc32/v1.44/bin/bin/../../lib/gcc/pic32mx/4.8.3/../../../../pic32mx/lib/libmchp_peripheral_32MX795F512L.a(_eth_append_busy_list_lib.o)
                              /opt/microchip/xc32/v1.44/bin/bin/../../lib/gcc/pic32mx/4.8.3/../../../../pic32mx/lib/libmchp_peripheral_32MX795F512L.a(eth_ack_packet_lib.o) (_EthAppendBusyList)
/opt/microchip/xc32/v1.44/bin/bin/../../lib/gcc/pic32mx/4.8.3/../../../../pic32mx/lib/libmchp_peripheral_32MX795F512L.a(eth_miim_access.o)
                              build/default/production/net/ETHPIC32ExtPhy.o (EthMIIMReadStart)
/opt/microchip/xc32/v1.44/bin/bin/../../lib/gcc/pic32mx/4.8.3/../../../../pic32mx/lib/libmchp_peripheral_32MX795F512L.a(soft_reset_lib.o)
                              build/default/production/CustomHTTPApp.o (SoftReset)
/opt/microchip/xc32/v1.44/bin/bin/../../lib/gcc/pic32mx/4.8.3/../../../../pic32mx/lib/libmchp_peripheral_32MX795F512L.a(pcache.o)
                              build/default/production/main.o (CheKseg0CacheOn)
/opt/microchip/xc32/v1.44/bin/bin/../../lib/gcc/pic32mx/4.8.3/../../../../pic32mx/lib/libmchp_peripheral_32MX795F512L.a(int_disable_interrupts_lib.o)
                              build/default/production/main.o (INTDisableInterrupts)
/opt/microchip/xc32/v1.44/bin/bin/../../lib/gcc/pic32mx/4.8.3/../../../../pic32mx/lib/libmchp_peripheral_32MX795F512L.a(int_restore_interrupts_lib.o)
                              build/default/production/main.o (INTRestoreInterrupts)
/opt/microchip/xc32/v1.44/bin/bin/../../lib/gcc/pic32mx/4.8.3/../../../../pic32mx/lib/libmchp_peripheral_32MX795F512L.a(int_enable_mv_int_lib.o)
                              build/default/production/main.o (INTEnableSystemMultiVectoredInt)
/opt/microchip/xc32/v1.44/bin/bin/../../lib/gcc/pic32mx/4.8.3/../../../../pic32mx/lib/libmchp_peripheral_32MX795F512L.a(int_tbl_lib.o)
                              build/default/production/uart/uart.o (INTClearFlag)
/opt/microchip/xc32/v1.44/bin/bin/../../lib/gcc/pic32mx/4.8.3/../../../../pic32mx/lib/libmchp_peripheral_32MX795F512L.a(rtcc_set_time_date_lib.o)
                              build/default/production/net/SNTP.o (RtccSetTimeDate)
[...]
Memory Configuration

Name             Origin             Length             Attributes
kseg0_program_mem 0x9d000000         0x00080000         xr
kseg0_boot_mem   0x9fc00490         0x00000970
exception_mem    0x9fc01000         0x00001000
kseg1_boot_mem   0xbfc00000         0x00000490
debug_exec_mem   0xbfc02000         0x00000ff0
config3          0xbfc02ff0         0x00000004
config2          0xbfc02ff4         0x00000004
config1          0xbfc02ff8         0x00000004
config0          0xbfc02ffc         0x00000004
kseg1_data_mem   0xa0000000         0x00020000         w !x
sfrs             0xbf800000         0x00100000
configsfrs       0xbfc02ff0         0x00000010
*default*        0x00000000         0xffffffff

Linker script and memory map

LOAD /opt/microchip/xc32/v1.44/bin/bin/../../lib/gcc/pic32mx/4.8.3/../../../../pic32mx/lib/./proc/32MX795F512L/crt0_mips32r2.o
LOAD /opt/microchip/xc32/v1.44/bin/bin/../../lib/gcc/pic32mx/4.8.3/../../../../pic32mx/lib/debug-exception-return.o
LOAD build/default/production/btn/buttons.o
LOAD build/default/production/config/config.o
LOAD build/default/production/delay/delay.o
LOAD build/default/production/fatfs/ff.o
LOAD build/default/production/fatfs/ffsystem.o
LOAD build/default/production/fatfs/ffunicode.o
LOAD build/default/production/fatfs/SPIFlash.o
LOAD build/default/production/fatfs/diskio.o
LOAD build/default/production/fatfs/sd.o
LOAD build/default/production/lcd/hd44780.o
LOAD build/default/production/lcd/i2c.o
LOAD build/default/production/net/Announce.o
LOAD build/default/production/net/ARCFOUR.o
LOAD build/default/production/net/ARP.o
LOAD build/default/production/net/AutoIP.o
LOAD build/default/production/net/BerkeleyAPI.o
LOAD build/default/production/net/BigInt.o
LOAD build/default/production/CustomHTTPApp.o
LOAD build/default/production/net/DHCP.o
LOAD build/default/production/net/DNS.o
LOAD build/default/production/net/FTP.o
LOAD build/default/production/net/GenericTCPServer.o
LOAD build/default/production/net/Hashes.o
LOAD build/default/production/net/Helpers.o
LOAD build/default/production/net/HTTP2.o
LOAD build/default/production/net/ICMP.o
LOAD build/default/production/net/IP.o
LOAD build/default/production/net/MPFS2.o
LOAD build/default/production/MPFSImg2.o
LOAD build/default/production/net/NBNS.o
LOAD build/default/production/net/Random.o
LOAD build/default/production/net/Reboot.o
LOAD build/default/production/net/RSA.o
LOAD build/default/production/net/SMTP.o
LOAD build/default/production/net/SNTP.o
LOAD build/default/production/net/SSL.o
LOAD build/default/production/net/StackTsk.o
LOAD build/default/production/net/TCP.o
LOAD build/default/production/net/Telnet.o
LOAD build/default/production/net/Tick.o
LOAD build/default/production/net/UDP.o
LOAD build/default/production/net/ZeroconfHelper.o
LOAD build/default/production/net/ZeroconfLinkLocal.o
LOAD build/default/production/net/ZeroconfMulticastDNS.o
LOAD build/default/production/net/ETHPIC32ExtPhy.o
LOAD build/default/production/net/ETHPIC32ExtPhyDP83848.o
LOAD build/default/production/net/ETHPIC32IntMac.o
LOAD build/default/production/nvram/nvram.o
LOAD build/default/production/time/time.o
LOAD build/default/production/uart/uart.o
LOAD build/default/production/usb/event.o
LOAD build/default/production/usb/usb_config.o
LOAD build/default/production/usb/usb_host.o
LOAD build/default/production/usb/usb_host_msd.o
LOAD build/default/production/usb/usb_host_msd_scsi.o
LOAD build/default/production/vs1003/vs1003.o
LOAD build/default/production/main.o
LOAD build/default/production/common.o
LOAD build/default/production/btn/rotary.o
                0x00000001                __MPLAB_BUILD = 0x1
                0x00000800                _min_heap_size = 0x800
LOAD /opt/microchip/xc32/v1.44/bin/bin/../../lib/gcc/pic32mx/4.8.3/../../../../pic32mx/lib/./proc/32MX795F512L/default_isr_vectors.o
LOAD /opt/microchip/xc32/v1.44/bin/bin/../../lib/gcc/pic32mx/4.8.3/../../../../pic32mx/lib/pic32_software_reset.o
                0x00000400                PROVIDE (_min_stack_size, 0x400)
LOAD /opt/microchip/xc32/v1.44/bin/bin/../../lib/gcc/pic32mx/4.8.3/../../../../pic32mx/lib/./proc/32MX795F512L/processor.o
START GROUP
LOAD /opt/microchip/xc32/v1.44/bin/bin/../../lib/gcc/pic32mx/4.8.3/../../../../pic32mx/lib/libmchp_peripheral.a
END GROUP
START GROUP
LOAD /opt/microchip/xc32/v1.44/bin/bin/../../lib/gcc/pic32mx/4.8.3/../../../../pic32mx/lib/libmchp_peripheral_32MX795F512L.a
END GROUP
                0x00000001                PROVIDE (_vector_spacing, 0x1)
                0x9fc01000                PROVIDE (_ebase_address, 0x9fc01000)
                0xbfc00000                _RESET_ADDR = 0xbfc00000
                0xbfc00380                _BEV_EXCPT_ADDR = 0xbfc00380
                0xbfc00480                _DBG_EXCPT_ADDR = 0xbfc00480
                0xbfc02000                _DBG_CODE_ADDR = 0xbfc02000
                0x00000ff0                _DBG_CODE_SIZE = 0xff0
                0x9fc01180                _GEN_EXCPT_ADDR = (_ebase_address + 0x180)

.config_BFC02FF0
                0xbfc02ff0        0x4
 *(.config_BFC02FF0)
 .config_BFC02FF0
                0xbfc02ff0        0x4 build/default/production/main.o

.config_BFC02FF4
                0xbfc02ff4        0x4
 *(.config_BFC02FF4)
 .config_BFC02FF4
                0xbfc02ff4        0x4 build/default/production/main.o

.config_BFC02FF8
                0xbfc02ff8        0x4
 *(.config_BFC02FF8)
 .config_BFC02FF8
                0xbfc02ff8        0x4 build/default/production/main.o

.config_BFC02FFC
                0xbfc02ffc        0x4
 *(.config_BFC02FFC)
 .config_BFC02FFC
                0xbfc02ffc        0x4 build/default/production/main.o
                0xbfc02000                PROVIDE (_DBG_CODE_ADDR, 0xbfc02000)
                0x00000ff0                PROVIDE (_DBG_CODE_SIZE, 0xff0)

.reset          0xbfc00000      0x208
 *(.reset)
 .reset         0xbfc00000        0x8 /opt/microchip/xc32/v1.44/bin/bin/../../lib/gcc/pic32mx/4.8.3/../../../../pic32mx/lib/./proc/32MX795F512L/crt0_mips32r2.o
                0xbfc00000                _reset
 *(.reset.startup)
 .reset.startup
                0xbfc00008      0x200 /opt/microchip/xc32/v1.44/bin/bin/../../lib/gcc/pic32mx/4.8.3/../../../../pic32mx/lib/./proc/32MX795F512L/crt0_mips32r2.o
                0xbfc00008                _startup

.bev_excpt      0xbfc00380       0x10
 *(.bev_handler)
 .bev_handler   0xbfc00380       0x10 /opt/microchip/xc32/v1.44/bin/bin/../../lib/gcc/pic32mx/4.8.3/../../../../pic32mx/lib/./proc/32MX795F512L/crt0_mips32r2.o

.dbg_excpt      0xbfc00480        0x0
                0xbfc00480                . = (. + DEFINED (_DEBUGGER)?0x8:0x0)

.dbg_code       0xbfc02000        0x0
                0xbfc02000                . = (. + DEFINED (_DEBUGGER)?_DBG_CODE_SIZE:0x0)

.app_excpt      0x9fc01180       0x10
 *(.gen_handler)
 .gen_handler   0x9fc01180       0x10 /opt/microchip/xc32/v1.44/bin/bin/../../lib/gcc/pic32mx/4.8.3/../../../../pic32mx/lib/./proc/32MX795F512L/crt0_mips32r2.o

.vector_0       0x9fc01200        0x8
 *(.vector_0)
 .vector_0      0x9fc01200        0x8 /opt/microchip/xc32/v1.44/bin/bin/../../lib/gcc/pic32mx/4.8.3/../../../../pic32mx/lib/libpic32.a(vector0.o)
                0x9fc01200                __vector_dispatch_0
                0x00000001                ASSERT (((_vector_spacing == 0x0) || (SIZEOF (.vector_0) <= (_vector_spacing << 0x5))), function at exception vector 0 too large)

.vector_1       0x9fc01220        0x8
 *(.vector_1)
 .vector_1      0x9fc01220        0x8 /opt/microchip/xc32/v1.44/bin/bin/../../lib/gcc/pic32mx/4.8.3/../../../../pic32mx/lib/libpic32.a(vector1.o)
                0x9fc01220                __vector_dispatch_1
                0x00000001                ASSERT (((_vector_spacing == 0x0) || (SIZEOF (.vector_1) <= (_vector_spacing << 0x5))), function at exception vector 1 too large)

.vector_2       0x9fc01240        0x8
 *(.vector_2)
 .vector_2      0x9fc01240        0x8 /opt/microchip/xc32/v1.44/bin/bin/../../lib/gcc/pic32mx/4.8.3/../../../../pic32mx/lib/libpic32.a(vector2.o)
                0x9fc01240                __vector_dispatch_2
                0x00000001                ASSERT (((_vector_spacing == 0x0) || (SIZEOF (.vector_2) <= (_vector_spacing << 0x5))), function at exception vector 2 too large)

.vector_3       0x9fc01260        0x8
 *(.vector_3)
 .vector_3      0x9fc01260        0x8 /opt/microchip/xc32/v1.44/bin/bin/../../lib/gcc/pic32mx/4.8.3/../../../../pic32mx/lib/libpic32.a(vector3.o)
                0x9fc01260                __vector_dispatch_3
                0x00000001                ASSERT (((_vector_spacing == 0x0) || (SIZEOF (.vector_3) <= (_vector_spacing << 0x5))), function at exception vector 3 too large)

.vector_4       0x9fc01280        0x8
 *(.vector_4)
 .vector_4      0x9fc01280        0x8 build/default/production/net/Tick.o
                0x9fc01280                __vector_dispatch_4
                0x00000001                ASSERT (((_vector_spacing == 0x0) || (SIZEOF (.vector_4) <= (_vector_spacing << 0x5))), function at exception vector 4 too large)

.vector_5       0x9fc012a0        0x8
 *(.vector_5)
 .vector_5      0x9fc012a0        0x8 /opt/microchip/xc32/v1.44/bin/bin/../../lib/gcc/pic32mx/4.8.3/../../../../pic32mx/lib/libpic32.a(vector5.o)
                0x9fc012a0                __vector_dispatch_5
                0x00000001                ASSERT (((_vector_spacing == 0x0) || (SIZEOF (.vector_5) <= (_vector_spacing << 0x5))), function at exception vector 5 too large)

.vector_6       0x9fc012c0        0x8
 *(.vector_6)
 .vector_6      0x9fc012c0        0x8 /opt/microchip/xc32/v1.44/bin/bin/../../lib/gcc/pic32mx/4.8.3/../../../../pic32mx/lib/libpic32.a(vector6.o)
                0x9fc012c0                __vector_dispatch_6
                0x00000001                ASSERT (((_vector_spacing == 0x0) || (SIZEOF (.vector_6) <= (_vector_spacing << 0x5))), function at exception vector 6 too large)

.vector_7       0x9fc012e0        0x8
 *(.vector_7)
 .vector_7      0x9fc012e0        0x8 /opt/microchip/xc32/v1.44/bin/bin/../../lib/gcc/pic32mx/4.8.3/../../../../pic32mx/lib/libpic32.a(vector7.o)
                0x9fc012e0                __vector_dispatch_7
                0x00000001                ASSERT (((_vector_spacing == 0x0) || (SIZEOF (.vector_7) <= (_vector_spacing << 0x5))), function at exception vector 7 too large)

.vector_8       0x9fc01300        0x8
 *(.vector_8)
 .vector_8      0x9fc01300        0x8 build/default/production/time/time.o
                0x9fc01300                __vector_dispatch_8
                0x00000001                ASSERT (((_vector_spacing == 0x0) || (SIZEOF (.vector_8) <= (_vector_spacing << 0x5))), function at exception vector 8 too large)

.vector_9       0x9fc01320        0x8
 *(.vector_9)
 .vector_9      0x9fc01320        0x8 /opt/microchip/xc32/v1.44/bin/bin/../../lib/gcc/pic32mx/4.8.3/../../../../pic32mx/lib/libpic32.a(vector9.o)
                0x9fc01320                __vector_dispatch_9
                0x00000001                ASSERT (((_vector_spacing == 0x0) || (SIZEOF (.vector_9) <= (_vector_spacing << 0x5))), function at exception vector 9 too large)

.vector_10      0x9fc01340        0x8
 *(.vector_10)
 .vector_10     0x9fc01340        0x8 /opt/microchip/xc32/v1.44/bin/bin/../../lib/gcc/pic32mx/4.8.3/../../../../pic32mx/lib/libpic32.a(vector10.o)
                0x9fc01340                __vector_dispatch_10
                0x00000001                ASSERT (((_vector_spacing == 0x0) || (SIZEOF (.vector_10) <= (_vector_spacing << 0x5))), function at exception vector 10 too large)

.vector_11      0x9fc01360        0x8
 *(.vector_11)
 .vector_11     0x9fc01360        0x8 /opt/microchip/xc32/v1.44/bin/bin/../../lib/gcc/pic32mx/4.8.3/../../../../pic32mx/lib/libpic32.a(vector11.o)
                0x9fc01360                __vector_dispatch_11
                0x00000001                ASSERT (((_vector_spacing == 0x0) || (SIZEOF (.vector_11) <= (_vector_spacing << 0x5))), function at exception vector 11 too large)

.vector_12      0x9fc01380        0x8
 *(.vector_12)
 .vector_12     0x9fc01380        0x8 /opt/microchip/xc32/v1.44/bin/bin/../../lib/gcc/pic32mx/4.8.3/../../../../pic32mx/lib/libpic32.a(vector12.o)
                0x9fc01380                __vector_dispatch_12
                0x00000001                ASSERT (((_vector_spacing == 0x0) || (SIZEOF (.vector_12) <= (_vector_spacing << 0x5))), function at exception vector 12 too large)

.vector_13      0x9fc013a0        0x8
 *(.vector_13)
 .vector_13     0x9fc013a0        0x8 /opt/microchip/xc32/v1.44/bin/bin/../../lib/gcc/pic32mx/4.8.3/../../../../pic32mx/lib/libpic32.a(vector13.o)
                0x9fc013a0                __vector_dispatch_13
                0x00000001                ASSERT (((_vector_spacing == 0x0) || (SIZEOF (.vector_13) <= (_vector_spacing << 0x5))), function at exception vector 13 too large)

.vector_14      0x9fc013c0        0x8
 *(.vector_14)
 .vector_14     0x9fc013c0        0x8 /opt/microchip/xc32/v1.44/bin/bin/../../lib/gcc/pic32mx/4.8.3/../../../../pic32mx/lib/libpic32.a(vector14.o)
                0x9fc013c0                __vector_dispatch_14
                0x00000001                ASSERT (((_vector_spacing == 0x0) || (SIZEOF (.vector_14) <= (_vector_spacing << 0x5))), function at exception vector 14 too large)

.vector_15      0x9fc013e0        0x8
 *(.vector_15)
 .vector_15     0x9fc013e0        0x8 /opt/microchip/xc32/v1.44/bin/bin/../../lib/gcc/pic32mx/4.8.3/../../../../pic32mx/lib/libpic32.a(vector15.o)
                0x9fc013e0                __vector_dispatch_15
                0x00000001                ASSERT (((_vector_spacing == 0x0) || (SIZEOF (.vector_15) <= (_vector_spacing << 0x5))), function at exception vector 15 too large)

.vector_16      0x9fc01400        0x8
 *(.vector_16)
 .vector_16     0x9fc01400        0x8 /opt/microchip/xc32/v1.44/bin/bin/../../lib/gcc/pic32mx/4.8.3/../../../../pic32mx/lib/libpic32.a(vector16.o)
                0x9fc01400                __vector_dispatch_16
                0x00000001                ASSERT (((_vector_spacing == 0x0) || (SIZEOF (.vector_16) <= (_vector_spacing << 0x5))), function at exception vector 16 too large)

.vector_17      0x9fc01420        0x8
 *(.vector_17)
 .vector_17     0x9fc01420        0x8 /opt/microchip/xc32/v1.44/bin/bin/../../lib/gcc/pic32mx/4.8.3/../../../../pic32mx/lib/libpic32.a(vector17.o)
                0x9fc01420                __vector_dispatch_17
                0x00000001                ASSERT (((_vector_spacing == 0x0) || (SIZEOF (.vector_17) <= (_vector_spacing << 0x5))), function at exception vector 17 too large)

.vector_18      0x9fc01440        0x8
 *(.vector_18)
 .vector_18     0x9fc01440        0x8 /opt/microchip/xc32/v1.44/bin/bin/../../lib/gcc/pic32mx/4.8.3/../../../../pic32mx/lib/libpic32.a(vector18.o)
                0x9fc01440                __vector_dispatch_18
                0x00000001                ASSERT (((_vector_spacing == 0x0) || (SIZEOF (.vector_18) <= (_vector_spacing << 0x5))), function at exception vector 18 too large)

.vector_19      0x9fc01460        0x8
 *(.vector_19)
 .vector_19     0x9fc01460        0x8 /opt/microchip/xc32/v1.44/bin/bin/../../lib/gcc/pic32mx/4.8.3/../../../../pic32mx/lib/libpic32.a(vector19.o)
                0x9fc01460                __vector_dispatch_19
                0x00000001                ASSERT (((_vector_spacing == 0x0) || (SIZEOF (.vector_19) <= (_vector_spacing << 0x5))), function at exception vector 19 too large)

.vector_20      0x9fc01480        0x8
 *(.vector_20)
 .vector_20     0x9fc01480        0x8 /opt/microchip/xc32/v1.44/bin/bin/../../lib/gcc/pic32mx/4.8.3/../../../../pic32mx/lib/libpic32.a(vector20.o)
                0x9fc01480                __vector_dispatch_20
                0x00000001                ASSERT (((_vector_spacing == 0x0) || (SIZEOF (.vector_20) <= (_vector_spacing << 0x5))), function at exception vector 20 too large)

.vector_21      0x9fc014a0        0x8
 *(.vector_21)
 .vector_21     0x9fc014a0        0x8 /opt/microchip/xc32/v1.44/bin/bin/../../lib/gcc/pic32mx/4.8.3/../../../../pic32mx/lib/libpic32.a(vector21.o)
                0x9fc014a0                __vector_dispatch_21
                0x00000001                ASSERT (((_vector_spacing == 0x0) || (SIZEOF (.vector_21) <= (_vector_spacing << 0x5))), function at exception vector 21 too large)

.vector_22      0x9fc014c0        0x8
 *(.vector_22)
 .vector_22     0x9fc014c0        0x8 /opt/microchip/xc32/v1.44/bin/bin/../../lib/gcc/pic32mx/4.8.3/../../../../pic32mx/lib/libpic32.a(vector22.o)
                0x9fc014c0                __vector_dispatch_22
                0x00000001                ASSERT (((_vector_spacing == 0x0) || (SIZEOF (.vector_22) <= (_vector_spacing << 0x5))), function at exception vector 22 too large)

.vector_23      0x9fc014e0        0x8
 *(.vector_23)
 .vector_23     0x9fc014e0        0x8 /opt/microchip/xc32/v1.44/bin/bin/../../lib/gcc/pic32mx/4.8.3/../../../../pic32mx/lib/libpic32.a(vector23.o)
                0x9fc014e0                __vector_dispatch_23
                0x00000001                ASSERT (((_vector_spacing == 0x0) || (SIZEOF (.vector_23) <= (_vector_spacing << 0x5))), function at exception vector 23 too large)

.vector_24      0x9fc01500        0x8
 *(.vector_24)
 .vector_24     0x9fc01500        0x8 build/default/production/uart/uart.o
                0x9fc01500                __vector_dispatch_24
                0x00000001                ASSERT (((_vector_spacing == 0x0) || (SIZEOF (.vector_24) <= (_vector_spacing << 0x5))), function at exception vector 24 too large)

.vector_25      0x9fc01520        0x8
 *(.vector_25)
 .vector_25     0x9fc01520        0x8 /opt/microchip/xc32/v1.44/bin/bin/../../lib/gcc/pic32mx/4.8.3/../../../../pic32mx/lib/libpic32.a(vector25.o)
                0x9fc01520                __vector_dispatch_25
                0x00000001                ASSERT (((_vector_spacing == 0x0) || (SIZEOF (.vector_25) <= (_vector_spacing << 0x5))), function at exception vector 25 too large)

.vector_26      0x9fc01540        0x8
 *(.vector_26)
 .vector_26     0x9fc01540        0x8 /opt/microchip/xc32/v1.44/bin/bin/../../lib/gcc/pic32mx/4.8.3/../../../../pic32mx/lib/libpic32.a(vector26.o)
                0x9fc01540                __vector_dispatch_26
                0x00000001                ASSERT (((_vector_spacing == 0x0) || (SIZEOF (.vector_26) <= (_vector_spacing << 0x5))), function at exception vector 26 too large)

.vector_27      0x9fc01560        0x8
 *(.vector_27)
 .vector_27     0x9fc01560        0x8 /opt/microchip/xc32/v1.44/bin/bin/../../lib/gcc/pic32mx/4.8.3/../../../../pic32mx/lib/libpic32.a(vector27.o)
                0x9fc01560                __vector_dispatch_27
                0x00000001                ASSERT (((_vector_spacing == 0x0) || (SIZEOF (.vector_27) <= (_vector_spacing << 0x5))), function at exception vector 27 too large)

.vector_28      0x9fc01580        0x8
 *(.vector_28)
 .vector_28     0x9fc01580        0x8 /opt/microchip/xc32/v1.44/bin/bin/../../lib/gcc/pic32mx/4.8.3/../../../../pic32mx/lib/libpic32.a(vector28.o)
                0x9fc01580                __vector_dispatch_28
                0x00000001                ASSERT (((_vector_spacing == 0x0) || (SIZEOF (.vector_28) <= (_vector_spacing << 0x5))), function at exception vector 28 too large)

.vector_29      0x9fc015a0        0x8
 *(.vector_29)
 .vector_29     0x9fc015a0        0x8 /opt/microchip/xc32/v1.44/bin/bin/../../lib/gcc/pic32mx/4.8.3/../../../../pic32mx/lib/libpic32.a(vector29.o)
                0x9fc015a0                __vector_dispatch_29
                0x00000001                ASSERT (((_vector_spacing == 0x0) || (SIZEOF (.vector_29) <= (_vector_spacing << 0x5))), function at exception vector 29 too large)

.vector_30      0x9fc015c0        0x8
 *(.vector_30)
 .vector_30     0x9fc015c0        0x8 /opt/microchip/xc32/v1.44/bin/bin/../../lib/gcc/pic32mx/4.8.3/../../../../pic32mx/lib/libpic32.a(vector30.o)
                0x9fc015c0                __vector_dispatch_30
                0x00000001                ASSERT (((_vector_spacing == 0x0) || (SIZEOF (.vector_30) <= (_vector_spacing << 0x5))), function at exception vector 30 too large)

.vector_31      0x9fc015e0        0x8
 *(.vector_31)
 .vector_31     0x9fc015e0        0x8 /opt/microchip/xc32/v1.44/bin/bin/../../lib/gcc/pic32mx/4.8.3/../../../../pic32mx/lib/libpic32.a(vector31.o)
                0x9fc015e0                __vector_dispatch_31
                0x00000001                ASSERT (((_vector_spacing == 0x0) || (SIZEOF (.vector_31) <= (_vector_spacing << 0x5))), function at exception vector 31 too large)

.vector_32      0x9fc01600        0x8
 *(.vector_32)
 .vector_32     0x9fc01600        0x8 /opt/microchip/xc32/v1.44/bin/bin/../../lib/gcc/pic32mx/4.8.3/../../../../pic32mx/lib/libpic32.a(vector32.o)
                0x9fc01600                __vector_dispatch_32
                0x00000001                ASSERT (((_vector_spacing == 0x0) || (SIZEOF (.vector_32) <= (_vector_spacing << 0x5))), function at exception vector 32 too large)

.vector_33      0x9fc01620        0x8
 *(.vector_33)
 .vector_33     0x9fc01620        0x8 /opt/microchip/xc32/v1.44/bin/bin/../../lib/gcc/pic32mx/4.8.3/../../../../pic32mx/lib/libpic32.a(vector33.o)
                0x9fc01620                __vector_dispatch_33
                0x00000001                ASSERT (((_vector_spacing == 0x0) || (SIZEOF (.vector_33) <= (_vector_spacing << 0x5))), function at exception vector 33 too large)

.vector_34      0x9fc01640        0x8
 *(.vector_34)
 .vector_34     0x9fc01640        0x8 /opt/microchip/xc32/v1.44/bin/bin/../../lib/gcc/pic32mx/4.8.3/../../../../pic32mx/lib/libpic32.a(vector34.o)
                0x9fc01640                __vector_dispatch_34
                0x00000001                ASSERT (((_vector_spacing == 0x0) || (SIZEOF (.vector_34) <= (_vector_spacing << 0x5))), function at exception vector 34 too large)

.vector_35      0x9fc01660        0x8
 *(.vector_35)
 .vector_35     0x9fc01660        0x8 /opt/microchip/xc32/v1.44/bin/bin/../../lib/gcc/pic32mx/4.8.3/../../../../pic32mx/lib/libpic32.a(vector35.o)
                0x9fc01660                __vector_dispatch_35
                0x00000001                ASSERT (((_vector_spacing == 0x0) || (SIZEOF (.vector_35) <= (_vector_spacing << 0x5))), function at exception vector 35 too large)

.vector_36      0x9fc01680        0x8
 *(.vector_36)
 .vector_36     0x9fc01680        0x8 /opt/microchip/xc32/v1.44/bin/bin/../../lib/gcc/pic32mx/4.8.3/../../../../pic32mx/lib/libpic32.a(vector36.o)
                0x9fc01680                __vector_dispatch_36
                0x00000001                ASSERT (((_vector_spacing == 0x0) || (SIZEOF (.vector_36) <= (_vector_spacing << 0x5))), function at exception vector 36 too large)

.vector_37      0x9fc016a0        0x8
 *(.vector_37)
 .vector_37     0x9fc016a0        0x8 /opt/microchip/xc32/v1.44/bin/bin/../../lib/gcc/pic32mx/4.8.3/../../../../pic32mx/lib/libpic32.a(vector37.o)
                0x9fc016a0                __vector_dispatch_37
                0x00000001                ASSERT (((_vector_spacing == 0x0) || (SIZEOF (.vector_37) <= (_vector_spacing << 0x5))), function at exception vector 37 too large)

.vector_38      0x9fc016c0        0x8
 *(.vector_38)
 .vector_38     0x9fc016c0        0x8 /opt/microchip/xc32/v1.44/bin/bin/../../lib/gcc/pic32mx/4.8.3/../../../../pic32mx/lib/libpic32.a(vector38.o)
                0x9fc016c0                __vector_dispatch_38
                0x00000001                ASSERT (((_vector_spacing == 0x0) || (SIZEOF (.vector_38) <= (_vector_spacing << 0x5))), function at exception vector 38 too large)

.vector_39      0x9fc016e0        0x8
 *(.vector_39)
 .vector_39     0x9fc016e0        0x8 /opt/microchip/xc32/v1.44/bin/bin/../../lib/gcc/pic32mx/4.8.3/../../../../pic32mx/lib/libpic32.a(vector39.o)
                0x9fc016e0                __vector_dispatch_39
                0x00000001                ASSERT (((_vector_spacing == 0x0) || (SIZEOF (.vector_39) <= (_vector_spacing << 0x5))), function at exception vector 39 too large)

.vector_40      0x9fc01700        0x8
 *(.vector_40)
 .vector_40     0x9fc01700        0x8 /opt/microchip/xc32/v1.44/bin/bin/../../lib/gcc/pic32mx/4.8.3/../../../../pic32mx/lib/libpic32.a(vector40.o)
                0x9fc01700                __vector_dispatch_40
                0x00000001                ASSERT (((_vector_spacing == 0x0) || (SIZEOF (.vector_40) <= (_vector_spacing << 0x5))), function at exception vector 40 too large)

.vector_41      0x9fc01720        0x8
 *(.vector_41)
 .vector_41     0x9fc01720        0x8 /opt/microchip/xc32/v1.44/bin/bin/../../lib/gcc/pic32mx/4.8.3/../../../../pic32mx/lib/libpic32.a(vector41.o)
                0x9fc01720                __vector_dispatch_41
                0x00000001                ASSERT (((_vector_spacing == 0x0) || (SIZEOF (.vector_41) <= (_vector_spacing << 0x5))), function at exception vector 41 too large)

.vector_42      0x9fc01740        0x8
 *(.vector_42)
 .vector_42     0x9fc01740        0x8 /opt/microchip/xc32/v1.44/bin/bin/../../lib/gcc/pic32mx/4.8.3/../../../../pic32mx/lib/libpic32.a(vector42.o)
                0x9fc01740                __vector_dispatch_42
                0x00000001                ASSERT (((_vector_spacing == 0x0) || (SIZEOF (.vector_42) <= (_vector_spacing << 0x5))), function at exception vector 42 too large)

.vector_43      0x9fc01760        0x8
 *(.vector_43)
 .vector_43     0x9fc01760        0x8 /opt/microchip/xc32/v1.44/bin/bin/../../lib/gcc/pic32mx/4.8.3/../../../../pic32mx/lib/libpic32.a(vector43.o)
                0x9fc01760                __vector_dispatch_43
                0x00000001                ASSERT (((_vector_spacing == 0x0) || (SIZEOF (.vector_43) <= (_vector_spacing << 0x5))), function at exception vector 43 too large)

.vector_44      0x9fc01780        0x8
 *(.vector_44)
 .vector_44     0x9fc01780        0x8 /opt/microchip/xc32/v1.44/bin/bin/../../lib/gcc/pic32mx/4.8.3/../../../../pic32mx/lib/libpic32.a(vector44.o)
                0x9fc01780                __vector_dispatch_44
                0x00000001                ASSERT (((_vector_spacing == 0x0) || (SIZEOF (.vector_44) <= (_vector_spacing << 0x5))), function at exception vector 44 too large)

.vector_45      0x9fc017a0        0x8
 *(.vector_45)
 .vector_45     0x9fc017a0        0x8 build/default/production/usb/usb_host.o
                0x9fc017a0                __vector_dispatch_45
                0x00000001                ASSERT (((_vector_spacing == 0x0) || (SIZEOF (.vector_45) <= (_vector_spacing << 0x5))), function at exception vector 45 too large)

.vector_46      0x9fc017c0        0x8
 *(.vector_46)
 .vector_46     0x9fc017c0        0x8 /opt/microchip/xc32/v1.44/bin/bin/../../lib/gcc/pic32mx/4.8.3/../../../../pic32mx/lib/libpic32.a(vector46.o)
                0x9fc017c0                __vector_dispatch_46
                0x00000001                ASSERT (((_vector_spacing == 0x0) || (SIZEOF (.vector_46) <= (_vector_spacing << 0x5))), function at exception vector 46 too large)

.vector_47      0x9fc017e0        0x8
 *(.vector_47)
 .vector_47     0x9fc017e0        0x8 /opt/microchip/xc32/v1.44/bin/bin/../../lib/gcc/pic32mx/4.8.3/../../../../pic32mx/lib/libpic32.a(vector47.o)
                0x9fc017e0                __vector_dispatch_47
                0x00000001                ASSERT (((_vector_spacing == 0x0) || (SIZEOF (.vector_47) <= (_vector_spacing << 0x5))), function at exception vector 47 too large)

.vector_48      0x9fc01800        0x8
 *(.vector_48)
 .vector_48     0x9fc01800        0x8 /opt/microchip/xc32/v1.44/bin/bin/../../lib/gcc/pic32mx/4.8.3/../../../../pic32mx/lib/libpic32.a(vector48.o)
                0x9fc01800                __vector_dispatch_48
                0x00000001                ASSERT (((_vector_spacing == 0x0) || (SIZEOF (.vector_48) <= (_vector_spacing << 0x5))), function at exception vector 48 too large)

.vector_49      0x9fc01820        0x8
 *(.vector_49)
 .vector_49     0x9fc01820        0x8 /opt/microchip/xc32/v1.44/bin/bin/../../lib/gcc/pic32mx/4.8.3/../../../../pic32mx/lib/libpic32.a(vector49.o)
                0x9fc01820                __vector_dispatch_49
                0x00000001                ASSERT (((_vector_spacing == 0x0) || (SIZEOF (.vector_49) <= (_vector_spacing << 0x5))), function at exception vector 49 too large)

.vector_50      0x9fc01840        0x8
 *(.vector_50)
 .vector_50     0x9fc01840        0x8 /opt/microchip/xc32/v1.44/bin/bin/../../lib/gcc/pic32mx/4.8.3/../../../../pic32mx/lib/libpic32.a(vector50.o)
                0x9fc01840                __vector_dispatch_50
                0x00000001                ASSERT (((_vector_spacing == 0x0) || (SIZEOF (.vector_50) <= (_vector_spacing << 0x5))), function at exception vector 50 too large)

.vector_51      0x9fc01860        0x8
 *(.vector_51)
 .vector_51     0x9fc01860        0x8 /opt/microchip/xc32/v1.44/bin/bin/../../lib/gcc/pic32mx/4.8.3/../../../../pic32mx/lib/libpic32.a(vector51.o)
                0x9fc01860                __vector_dispatch_51
                0x00000001                ASSERT (((_vector_spacing == 0x0) || (SIZEOF (.vector_51) <= (_vector_spacing << 0x5))), function at exception vector 51 too large)

.vector_52      0x9fc01880        0x0
 *(.vector_52)
                0x00000001                ASSERT (((_vector_spacing == 0x0) || (SIZEOF (.vector_52) <= (_vector_spacing << 0x5))), function at exception vector 52 too large)

.vector_53      0x9fc018a0        0x0
 *(.vector_53)
                0x00000001                ASSERT (((_vector_spacing == 0x0) || (SIZEOF (.vector_53) <= (_vector_spacing << 0x5))), function at exception vector 53 too large)

.vector_54      0x9fc018c0        0x0
 *(.vector_54)
                0x00000001                ASSERT (((_vector_spacing == 0x0) || (SIZEOF (.vector_54) <= (_vector_spacing << 0x5))), function at exception vector 54 too large)

.vector_55      0x9fc018e0        0x0
 *(.vector_55)
                0x00000001                ASSERT (((_vector_spacing == 0x0) || (SIZEOF (.vector_55) <= (_vector_spacing << 0x5))), function at exception vector 55 too large)

.vector_56      0x9fc01900        0x0
 *(.vector_56)
                0x00000001                ASSERT (((_vector_spacing == 0x0) || (SIZEOF (.vector_56) <= (_vector_spacing << 0x5))), function at exception vector 56 too large)

.vector_57      0x9fc01920        0x0
 *(.vector_57)
                0x00000001                ASSERT (((_vector_spacing == 0x0) || (SIZEOF (.vector_57) <= (_vector_spacing << 0x5))), function at exception vector 57 too large)

.vector_58      0x9fc01940        0x0
 *(.vector_58)
                0x00000001                ASSERT (((_vector_spacing == 0x0) || (SIZEOF (.vector_58) <= (_vector_spacing << 0x5))), function at exception vector 58 too large)

.vector_59      0x9fc01960        0x0
 *(.vector_59)
                0x00000001                ASSERT (((_vector_spacing == 0x0) || (SIZEOF (.vector_59) <= (_vector_spacing << 0x5))), function at exception vector 59 too large)

.vector_60      0x9fc01980        0x0
 *(.vector_60)
                0x00000001                ASSERT (((_vector_spacing == 0x0) || (SIZEOF (.vector_60) <= (_vector_spacing << 0x5))), function at exception vector 60 too large)

.vector_61      0x9fc019a0        0x0
 *(.vector_61)
                0x00000001                ASSERT (((_vector_spacing == 0x0) || (SIZEOF (.vector_61) <= (_vector_spacing << 0x5))), function at exception vector 61 too large)

.vector_62      0x9fc019c0        0x0
 *(.vector_62)
                0x00000001                ASSERT (((_vector_spacing == 0x0) || (SIZEOF (.vector_62) <= (_vector_spacing << 0x5))), function at exception vector 62 too large)

.vector_63      0x9fc019e0        0x0
 *(.vector_63)
                0x00000001                ASSERT (((_vector_spacing == 0x0) || (SIZEOF (.vector_63) <= (_vector_spacing << 0x5))), function at exception vector 63 too large)

.startup
 *(.startup)

.text           0x9d000000        0x0
 *(.stub .gnu.linkonce.t.*)
 *(.text.*personality*)
 *(.mips16.fn.*)
 *(.mips16.call.*)
 *(.gnu.warning)
                0x9d000000                . = ALIGN (0x4)

.init           0x9d000000        0x0
 *crti.o(.init)
 *crtbegin.o(.init)
 *(EXCLUDE_FILE(*crtn.o *crtend?.o *crtend.o) .init)
 *crtend.o(.init)
 *crtn.o(.init)
                0x9d000000                . = ALIGN (0x4)

.fini           0x9d000000        0x0
 *(.fini)
                0x9d000000                . = ALIGN (0x4)

.preinit_array  0x9d000000        0x0
                0x9d000000                PROVIDE (__preinit_array_start, .)
 *(.preinit_array)
                0x9d000000                PROVIDE (__preinit_array_end, .)
                0x9d000000                . = ALIGN (0x4)

.init_array     0x9d000000        0x0
                0x9d000000                PROVIDE (__init_array_start, .)
 *(SORT(.init_array.*))
 *(.init_array)
                0x9d000000                PROVIDE (__init_array_end, .)
                0x9d000000                . = ALIGN (0x4)

.fini_array     0x9d000000        0x0
                0x9d000000                PROVIDE (__fini_array_start, .)
 *(SORT(.fini_array.*))
 *(.fini_array)
                0x9d000000                PROVIDE (__fini_array_end, .)
                0x9d000000                . = ALIGN (0x4)

.ctors          0x9d000000        0x0
 *crtbegin.o(.ctors)
 *crtbegin?.o(.ctors)
 *(EXCLUDE_FILE(*crtend?.o *crtend.o) .ctors)
 *(SORT(.ctors.*))
 *(.ctors)
                0x9d000000                . = ALIGN (0x4)

.dtors          0x9d000000        0x0
 *crtbegin.o(.dtors)
 *crtbegin?.o(.dtors)
 *(EXCLUDE_FILE(*crtend?.o *crtend.o) .dtors)
 *(SORT(.dtors.*))
 *(.dtors)
                0x9d000000                . = ALIGN (0x4)

.rodata         0x9d000000        0x0
 *(.gnu.linkonce.r.*)
 *(.rodata1)
                0x9d000000                . = ALIGN (0x4)

.sdata2         0x9fc00490        0x0
 *(.sdata2 .sdata2.* .gnu.linkonce.s2.*)
                0x9fc00490                . = ALIGN (0x4)

.sbss2          0x9fc00490        0x0
 *(.sbss2 .sbss2.* .gnu.linkonce.sb2.*)
                0x9fc00490                . = ALIGN (0x4)

.eh_frame_hdr
 *(.eh_frame_hdr)
                0x9fc00490                . = ALIGN (0x4)

.eh_frame
 *(.eh_frame)
                0x9fc00490                . = ALIGN (0x4)

.gcc_except_table
 *(.gcc_except_table .gcc_except_table.*)
                0x9fc00490                . = ALIGN (0x4)

.dbg_data       0xa0000000        0x0
                0xa0000000                . = (. + DEFINED (_DEBUGGER)?0x200:0x0)

.jcr            0xa0000000        0x0
 *(.jcr)
                0xa0000000                . = ALIGN (0x4)

.eh_frame
 *(.eh_frame)
                0xa0000000                . = ALIGN (0x4)

.gcc_except_table
 *(.gcc_except_table .gcc_except_table.*)
                0xa0000000                . = ALIGN (0x4)

.persist        0xa0000000        0x0
                0xa0000000                _persist_begin = .
 *(.persist .persist.*)
 *(.pbss .pbss.*)
                0xa0000000                . = ALIGN (0x4)
                0xa0000000                _persist_end = .

.data           0xa0000000        0x0
 *(.gnu.linkonce.d.*)
 *(.data1)
                0xa0000000                . = ALIGN (0x4)
                0xa0000000                . = .
                0xa0007ff0                _gp = (ALIGN (0x10) + 0x7ff0)

.got            0xa0000000        0x0
 *(.got.plt)
 *(.got)
                0xa0000000                . = ALIGN (0x4)

.sdata          0xa0000000       0x24
                0xa0000000                _sdata_begin = .
 *(.sdata .sdata.* .gnu.linkonce.s.*)
 .sdata         0xa0000000        0x2 build/default/production/fatfs/diskio.o
                0xa0000000                SDStatus
                0xa0000001                USBStatus
 *fill*         0xa0000002        0x2 
 .sdata         0xa0000004        0x8 build/default/production/net/DNS.o
 .sdata         0xa000000c        0x4 build/default/production/net/Helpers.o
 .sdata         0xa0000010        0x1 build/default/production/net/SNTP.o
 .sdata         0xa0000011        0x2 build/default/production/net/TCP.o
 .sdata         0xa0000013        0x2 build/default/production/net/UDP.o
 *fill*         0xa0000015        0x3 
 .sdata         0xa0000018        0x4 build/default/production/usb/usb_host_msd.o
 .sdata         0xa000001c        0x4 build/default/production/usb/usb_host_msd_scsi.o
 .sdata         0xa0000020        0x4 /opt/microchip/xc32/v1.44/bin/bin/../../lib/gcc/pic32mx/4.8.3/../../../../pic32mx/lib/libpic32.a(xc32_uart.o)
                0xa0000020                __XC_UART
                0xa0000024                . = ALIGN (0x4)
                0xa0000024                _sdata_end = .

.lit8
 *(.lit8)

.lit4
 *(.lit4)
                0xa0000024                . = ALIGN (0x4)
                0xa0000024                _data_end = .
                0xa0000024                _bss_begin = .

.sbss           0xa0000024      0x144
                0xa0000024                _sbss_begin = .
 *(.dynsbss)
 *(.sbss .sbss.* .gnu.linkonce.sb.*)
 .sbss          0xa0000024        0x8 build/default/production/delay/delay.o
 .sbss          0xa000002c        0x2 build/default/production/fatfs/ff.o
 *fill*         0xa000002e        0x2 
 .sbss          0xa0000030        0x8 build/default/production/fatfs/SPIFlash.o
 .sbss          0xa0000038        0x4 build/default/production/fatfs/diskio.o
 .sbss          0xa000003c        0x8 build/default/production/fatfs/sd.o
                0xa0000040                sdsread
 .sbss          0xa0000044        0x4 build/default/production/net/ARP.o
 .sbss          0xa0000048        0x4 build/default/production/net/DHCP.o
                0xa0000048                DHCPClientInitializedOnce
 .sbss          0xa000004c       0x14 build/default/production/net/DNS.o
 .sbss          0xa0000060        0x8 build/default/production/net/GenericTCPServer.o
 .sbss          0xa0000068        0x4 build/default/production/net/IP.o
 .sbss          0xa000006c        0x8 build/default/production/net/MPFS2.o
 .sbss          0xa0000074       0x10 build/default/production/net/SNTP.o
 .sbss          0xa0000084        0xc build/default/production/net/StackTsk.o
 .sbss          0xa0000090        0xc build/default/production/net/Tick.o
 .sbss          0xa000009c        0x8 build/default/production/net/UDP.o
 .sbss          0xa00000a4       0x40 build/default/production/net/ETHPIC32IntMac.o
                0xa00000a4                _stackMgrTxNotReady
                0xa00000a8                _stackMgrRxDiscarded
                0xa00000ac                _stackMgrInGetHdr
                0xa00000b0                _stackMgrRxBadPkts
                0xa00000b4                _stackMgrRxOkPkts
 .sbss          0xa00000e4        0x8 build/default/production/time/time.o
 .sbss          0xa00000ec        0x4 build/default/production/uart/uart.o
 .sbss          0xa00000f0        0x4 build/default/production/usb/event.o
                0xa00000f0                deviceAttached
 .sbss          0xa00000f4       0x2c build/default/production/usb/usb_host.o
                0xa000010c                pDeviceDescriptor
                0xa0000110                pCurrentConfigurationDescriptor
 .sbss          0xa0000120        0x8 build/default/production/usb/usb_host_msd_scsi.o
 .sbss          0xa0000128        0x8 build/default/production/main.o
 .sbss          0xa0000130        0x1 build/default/production/btn/rotary.o
 *(.scommon)
 .scommon       0xa0000131        0x0 build/default/production/config/config.o
 *fill*         0xa0000131        0x3 
 .scommon       0xa0000134       0x18 build/default/production/fatfs/sd.o
                0xa0000134                lastsec
                0xa0000138                writelock
                0xa000013c                init
                0xa0000140                sd_led
                0xa0000144                sd_bytesread
                0xa0000148                readlock
 .scommon       0xa000014c        0x1 build/default/production/lcd/hd44780.o
                0xa000014c                mpxLCD
 .scommon       0xa000014d        0x1 build/default/production/net/HTTP2.o
                0xa000014d                curHTTPID
 .scommon       0xa000014e        0x5 build/default/production/net/UDP.o
                0xa000014e                UDPRxCount
                0xa0000150                UDPTxCount
                0xa0000152                activeUDPSocket
 *fill*         0xa0000153        0x1 
 .scommon       0xa0000154        0x4 build/default/production/net/ETHPIC32ExtPhy.o
                0xa0000154                _PhyAdd
 .scommon       0xa0000158        0x3 build/default/production/uart/uart.o
                0xa0000158                UART_RxHead
                0xa0000159                UART_RxTail
                0xa000015a                ascii_line
 *fill*         0xa000015b        0x1 
 .scommon       0xa000015c        0x2 build/default/production/usb/usb_host.o
                0xa000015c                usbOverrideHostState
 *fill*         0xa000015e        0x2 
 .scommon       0xa0000160        0x8 build/default/production/main.o
                0xa0000160                res
                0xa0000164                br
                0xa0000168                _sbss_end = .
                0xa0000168                . = ALIGN (0x4)

.bss            0xa0000168     0x254c
 *(.dynbss)
 *(COMMON)
 COMMON         0xa0000168      0x109 build/default/production/config/config.o
                0xa0000168                config
                0xa0000200                AppConfig
 *fill*         0xa0000271        0x3 
 COMMON         0xa0000274        0x9 build/default/production/CustomHTTPApp.o
                0xa0000274                token
 *fill*         0xa000027d        0x3 
 COMMON         0xa0000280       0xb4 build/default/production/net/HTTP2.o
                0xa0000280                curHTTP
                0xa000030c                httpStubs
 COMMON         0xa0000334        0xa build/default/production/net/StackTsk.o
                0xa0000334                remoteNode
 *fill*         0xa000033e        0x2 
 COMMON         0xa0000340       0x8c build/default/production/net/UDP.o
                0xa0000340                UDPSocketInfo
 COMMON         0xa00003cc       0x40 build/default/production/uart/uart.o
                0xa00003cc                UART_RxBuf
 COMMON         0xa000040c     0x22a8 build/default/production/main.o
                0xa000040c                buffer
                0xa000060c                prev_btn
                0xa0000624                next_btn
                0xa000063c                fsrc
                0xa0001664                rot_btn
                0xa000167c                FatFS
                0xa00026b4                . = ALIGN ((. != 0x0)?0x4:0x1)
                0xa00026b4                . = ALIGN (0x4)
                0xa00026b4                _end = .
                0xa00026b4                _bss_end = .
                0x00020000                _bmxdudba_address = 0x20000
                0x00020000                _bmxdupba_address = 0x20000

/DISCARD/
 *(.pdr)
 *(.rel.dyn)
 *(.note.GNU-stack)
 *(.note.GNU-stack)
 *(.gnu_debuglink)
 *(.gnu.lto_*)
 *(.discard)

.gptab.sdata
 *(.gptab.data)
 *(.gptab.sdata)

.gptab.sbss
 *(.gptab.bss)
 *(.gptab.sbss)

.mdebug.abi32   0xa00026b4        0x0
 *(.mdebug.abi32)
 .mdebug.abi32  0xa00026b4        0x0 build/default/production/btn/buttons.o
 .mdebug.abi32  0xa00026b4        0x0 build/default/production/config/config.o
 .mdebug.abi32  0xa00026b4        0x0 build/default/production/delay/delay.o
 .mdebug.abi32  0xa00026b4        0x0 build/default/production/fatfs/ff.o
 .mdebug.abi32  0xa00026b4        0x0 build/default/production/fatfs/ffsystem.o
 .mdebug.abi32  0xa00026b4        0x0 build/default/production/fatfs/ffunicode.o
 .mdebug.abi32  0xa00026b4        0x0 build/default/production/fatfs/SPIFlash.o
 .mdebug.abi32  0xa00026b4        0x0 build/default/production/fatfs/diskio.o
 .mdebug.abi32  0xa00026b4        0x0 build/default/production/fatfs/sd.o
 .mdebug.abi32  0xa00026b4        0x0 build/default/production/lcd/hd44780.o
 .mdebug.abi32  0xa00026b4        0x0 build/default/production/lcd/i2c.o
 .mdebug.abi32  0xa00026b4        0x0 build/default/production/net/Announce.o
 .mdebug.abi32  0xa00026b4        0x0 build/default/production/net/ARCFOUR.o
 .mdebug.abi32  0xa00026b4        0x0 build/default/production/net/ARP.o
 .mdebug.abi32  0xa00026b4        0x0 build/default/production/net/AutoIP.o
 .mdebug.abi32  0xa00026b4        0x0 build/default/production/net/BerkeleyAPI.o
 .mdebug.abi32  0xa00026b4        0x0 build/default/production/net/BigInt.o
 .mdebug.abi32  0xa00026b4        0x0 build/default/production/CustomHTTPApp.o
 .mdebug.abi32  0xa00026b4        0x0 build/default/production/net/DHCP.o
 .mdebug.abi32  0xa00026b4        0x0 build/default/production/net/DNS.o
 .mdebug.abi32  0xa00026b4        0x0 build/default/production/net/FTP.o
 .mdebug.abi32  0xa00026b4        0x0 build/default/production/net/GenericTCPServer.o
 .mdebug.abi32  0xa00026b4        0x0 build/default/production/net/Hashes.o
 .mdebug.abi32  0xa00026b4        0x0 build/default/production/net/Helpers.o
 .mdebug.abi32  0xa00026b4        0x0 build/default/production/net/HTTP2.o
 .mdebug.abi32  0xa00026b4        0x0 build/default/production/net/ICMP.o
 .mdebug.abi32  0xa00026b4        0x0 build/default/production/net/IP.o
 .mdebug.abi32  0xa00026b4        0x0 build/default/production/net/MPFS2.o
 .mdebug.abi32  0xa00026b4        0x0 build/default/production/MPFSImg2.o
 .mdebug.abi32  0xa00026b4        0x0 build/default/production/net/NBNS.o
 .mdebug.abi32  0xa00026b4        0x0 build/default/production/net/Random.o
 .mdebug.abi32  0xa00026b4        0x0 build/default/production/net/Reboot.o
 .mdebug.abi32  0xa00026b4        0x0 build/default/production/net/RSA.o
 .mdebug.abi32  0xa00026b4        0x0 build/default/production/net/SMTP.o
 .mdebug.abi32  0xa00026b4        0x0 build/default/production/net/SNTP.o
 .mdebug.abi32  0xa00026b4        0x0 build/default/production/net/SSL.o
 .mdebug.abi32  0xa00026b4        0x0 build/default/production/net/StackTsk.o
 .mdebug.abi32  0xa00026b4        0x0 build/default/production/net/TCP.o
 .mdebug.abi32  0xa00026b4        0x0 build/default/production/net/Telnet.o
 .mdebug.abi32  0xa00026b4        0x0 build/default/production/net/Tick.o
 .mdebug.abi32  0xa00026b4        0x0 build/default/production/net/UDP.o
 .mdebug.abi32  0xa00026b4        0x0 build/default/production/net/ZeroconfHelper.o
 .mdebug.abi32  0xa00026b4        0x0 build/default/production/net/ZeroconfLinkLocal.o
 .mdebug.abi32  0xa00026b4        0x0 build/default/production/net/ZeroconfMulticastDNS.o
 .mdebug.abi32  0xa00026b4        0x0 build/default/production/net/ETHPIC32ExtPhy.o
 .mdebug.abi32  0xa00026b4        0x0 build/default/production/net/ETHPIC32ExtPhyDP83848.o
 .mdebug.abi32  0xa00026b4        0x0 build/default/production/net/ETHPIC32IntMac.o
 .mdebug.abi32  0xa00026b4        0x0 build/default/production/nvram/nvram.o
 .mdebug.abi32  0xa00026b4        0x0 build/default/production/time/time.o
 .mdebug.abi32  0xa00026b4        0x0 build/default/production/uart/uart.o
 .mdebug.abi32  0xa00026b4        0x0 build/default/production/usb/event.o
 .mdebug.abi32  0xa00026b4        0x0 build/default/production/usb/usb_config.o
 .mdebug.abi32  0xa00026b4        0x0 build/default/production/usb/usb_host.o
 .mdebug.abi32  0xa00026b4        0x0 build/default/production/usb/usb_host_msd.o
 .mdebug.abi32  0xa00026b4        0x0 build/default/production/usb/usb_host_msd_scsi.o
 .mdebug.abi32  0xa00026b4        0x0 build/default/production/vs1003/vs1003.o
 .mdebug.abi32  0xa00026b4        0x0 build/default/production/main.o
 .mdebug.abi32  0xa00026b4        0x0 build/default/production/common.o
 .mdebug.abi32  0xa00026b4        0x0 build/default/production/btn/rotary.o
 .mdebug.abi32  0xa00026b4        0x0 /opt/microchip/xc32/v1.44/bin/bin/../../lib/gcc/pic32mx/4.8.3/../../../../pic32mx/lib/libmchp_peripheral.a(read_core_timer_lib.o)
 .mdebug.abi32  0xa00026b4        0x0 /opt/microchip/xc32/v1.44/bin/bin/../../lib/gcc/pic32mx/4.8.3/../../../../pic32mx/lib/libmchp_peripheral_32MX795F512L.a(eth_ack_packet_lib.o)
 .mdebug.abi32  0xa00026b4        0x0 /opt/microchip/xc32/v1.44/bin/bin/../../lib/gcc/pic32mx/4.8.3/../../../../pic32mx/lib/libmchp_peripheral_32MX795F512L.a(eth_descriptors_add_lib.o)
 .mdebug.abi32  0xa00026b4        0x0 /opt/microchip/xc32/v1.44/bin/bin/../../lib/gcc/pic32mx/4.8.3/../../../../pic32mx/lib/libmchp_peripheral_32MX795F512L.a(eth_init_lib.o)
 .mdebug.abi32  0xa00026b4        0x0 /opt/microchip/xc32/v1.44/bin/bin/../../lib/gcc/pic32mx/4.8.3/../../../../pic32mx/lib/libmchp_peripheral_32MX795F512L.a(eth_mac_open_lib.o)
 .mdebug.abi32  0xa00026b4        0x0 /opt/microchip/xc32/v1.44/bin/bin/../../lib/gcc/pic32mx/4.8.3/../../../../pic32mx/lib/libmchp_peripheral_32MX795F512L.a(eth_mac_set_address_max_lib.o)
 .mdebug.abi32  0xa00026b4        0x0 /opt/microchip/xc32/v1.44/bin/bin/../../lib/gcc/pic32mx/4.8.3/../../../../pic32mx/lib/libmchp_peripheral_32MX795F512L.a(eth_rx_buffers_append_lib.o)
 .mdebug.abi32  0xa00026b4        0x0 /opt/microchip/xc32/v1.44/bin/bin/../../lib/gcc/pic32mx/4.8.3/../../../../pic32mx/lib/libmchp_peripheral_32MX795F512L.a(eth_rx_filters_lib.o)
 .mdebug.abi32  0xa00026b4        0x0 /opt/microchip/xc32/v1.44/bin/bin/../../lib/gcc/pic32mx/4.8.3/../../../../pic32mx/lib/libmchp_peripheral_32MX795F512L.a(eth_rx_get_packet_lib.o)
 .mdebug.abi32  0xa00026b4        0x0 /opt/microchip/xc32/v1.44/bin/bin/../../lib/gcc/pic32mx/4.8.3/../../../../pic32mx/lib/libmchp_peripheral_32MX795F512L.a(eth_rx_set_buffer_size_lib.o)
 .mdebug.abi32  0xa00026b4        0x0 /opt/microchip/xc32/v1.44/bin/bin/../../lib/gcc/pic32mx/4.8.3/../../../../pic32mx/lib/libmchp_peripheral_32MX795F512L.a(eth_tx_packet_lib.o)
 .mdebug.abi32  0xa00026b4        0x0 /opt/microchip/xc32/v1.44/bin/bin/../../lib/gcc/pic32mx/4.8.3/../../../../pic32mx/lib/libmchp_peripheral_32MX795F512L.a(_eth_append_busy_list_lib.o)
 .mdebug.abi32  0xa00026b4        0x0 /opt/microchip/xc32/v1.44/bin/bin/../../lib/gcc/pic32mx/4.8.3/../../../../pic32mx/lib/libmchp_peripheral_32MX795F512L.a(eth_miim_access.o)
 .mdebug.abi32  0xa00026b4        0x0 /opt/microchip/xc32/v1.44/bin/bin/../../lib/gcc/pic32mx/4.8.3/../../../../pic32mx/lib/libmchp_peripheral_32MX795F512L.a(soft_reset_lib.o)
 .mdebug.abi32  0xa00026b4        0x0 /opt/microchip/xc32/v1.44/bin/bin/../../lib/gcc/pic32mx/4.8.3/../../../../pic32mx/lib/libmchp_peripheral_32MX795F512L.a(pcache.o)
 .mdebug.abi32  0xa00026b4        0x0 /opt/microchip/xc32/v1.44/bin/bin/../../lib/gcc/pic32mx/4.8.3/../../../../pic32mx/lib/libmchp_peripheral_32MX795F512L.a(int_disable_interrupts_lib.o)
 .mdebug.abi32  0xa00026b4        0x0 /opt/microchip/xc32/v1.44/bin/bin/../../lib/gcc/pic32mx/4.8.3/../../../../pic32mx/lib/libmchp_peripheral_32MX795F512L.a(int_restore_interrupts_lib.o)
 .mdebug.abi32  0xa00026b4        0x0 /opt/microchip/xc32/v1.44/bin/bin/../../lib/gcc/pic32mx/4.8.3/../../../../pic32mx/lib/libmchp_peripheral_32MX795F512L.a(int_enable_mv_int_lib.o)
 .mdebug.abi32  0xa00026b4        0x0 /opt/microchip/xc32/v1.44/bin/bin/../../lib/gcc/pic32mx/4.8.3/../../../../pic32mx/lib/libmchp_peripheral_32MX795F512L.a(int_tbl_lib.o)
 .mdebug.abi32  0xa00026b4        0x0 /opt/microchip/xc32/v1.44/bin/bin/../../lib/gcc/pic32mx/4.8.3/../../../../pic32mx/lib/libmchp_peripheral_32MX795F512L.a(rtcc_set_time_date_lib.o)
 .mdebug.abi32  0xa00026b4        0x0 /opt/microchip/xc32/v1.44/bin/bin/../../lib/gcc/pic32mx/4.8.3/../../../../pic32mx/lib/libmchp_peripheral_32MX795F512L.a(nvm_erase_page_lib.o)
 .mdebug.abi32  0xa00026b4        0x0 /opt/microchip/xc32/v1.44/bin/bin/../../lib/gcc/pic32mx/4.8.3/../../../../pic32mx/lib/libmchp_peripheral_32MX795F512L.a(nvm_operation_lib.o)
 .mdebug.abi32  0xa00026b4        0x0 /opt/microchip/xc32/v1.44/bin/bin/../../lib/gcc/pic32mx/4.8.3/../../../../pic32mx/lib/libmchp_peripheral_32MX795F512L.a(nvm_write_word_lib.o)
 .mdebug.abi32  0xa00026b4        0x0 /opt/microchip/xc32/v1.44/bin/bin/../../lib/gcc/pic32mx/4.8.3/../../../../pic32mx/lib/libmchp_peripheral_32MX795F512L.a(port_set_pins_digital_in_lib.o)
 .mdebug.abi32  0xa00026b4        0x0 /opt/microchip/xc32/v1.44/bin/bin/../../lib/gcc/pic32mx/4.8.3/../../../../pic32mx/lib/libmchp_peripheral_32MX795F512L.a(port_set_pins_digital_out_lib.o)
 .mdebug.abi32  0xa00026b4        0x0 /opt/microchip/xc32/v1.44/bin/bin/../../lib/gcc/pic32mx/4.8.3/../../../../pic32mx/lib/libmchp_peripheral_32MX795F512L.a(_ports_tbl_libp.o)
 .mdebug.abi32  0xa00026b4        0x0 /opt/microchip/xc32/v1.44/bin/bin/../../lib/gcc/pic32mx/4.8.3/../../../../pic32mx/lib/libmchp_peripheral_32MX795F512L.a(I2CAcknowledgeByte.o)
 .mdebug.abi32  0xa00026b4        0x0 /opt/microchip/xc32/v1.44/bin/bin/../../lib/gcc/pic32mx/4.8.3/../../../../pic32mx/lib/libmchp_peripheral_32MX795F512L.a(I2CAcknowledgeHasCompleted.o)
 .mdebug.abi32  0xa00026b4        0x0 /opt/microchip/xc32/v1.44/bin/bin/../../lib/gcc/pic32mx/4.8.3/../../../../pic32mx/lib/libmchp_peripheral_32MX795F512L.a(I2CByteWasAcknowledged.o)
 .mdebug.abi32  0xa00026b4        0x0 /opt/microchip/xc32/v1.44/bin/bin/../../lib/gcc/pic32mx/4.8.3/../../../../pic32mx/lib/libmchp_peripheral_32MX795F512L.a(I2CConfigure.o)
 .mdebug.abi32  0xa00026b4        0x0 /opt/microchip/xc32/v1.44/bin/bin/../../lib/gcc/pic32mx/4.8.3/../../../../pic32mx/lib/libmchp_peripheral_32MX795F512L.a(I2CEnable.o)
 .mdebug.abi32  0xa00026b4        0x0 /opt/microchip/xc32/v1.44/bin/bin/../../lib/gcc/pic32mx/4.8.3/../../../../pic32mx/lib/libmchp_peripheral_32MX795F512L.a(I2CGetByte.o)
 .mdebug.abi32  0xa00026b4        0x0 /opt/microchip/xc32/v1.44/bin/bin/../../lib/gcc/pic32mx/4.8.3/../../../../pic32mx/lib/libmchp_peripheral_32MX795F512L.a(I2CGetStatus.o)
 .mdebug.abi32  0xa00026b4        0x0 /opt/microchip/xc32/v1.44/bin/bin/../../lib/gcc/pic32mx/4.8.3/../../../../pic32mx/lib/libmchp_peripheral_32MX795F512L.a(I2CReceivedDataIsAvailable.o)
 .mdebug.abi32  0xa00026b4        0x0 /opt/microchip/xc32/v1.44/bin/bin/../../lib/gcc/pic32mx/4.8.3/../../../../pic32mx/lib/libmchp_peripheral_32MX795F512L.a(I2CReceiverEnable.o)
 .mdebug.abi32  0xa00026b4        0x0 /opt/microchip/xc32/v1.44/bin/bin/../../lib/gcc/pic32mx/4.8.3/../../../../pic32mx/lib/libmchp_peripheral_32MX795F512L.a(I2CSendByte.o)
 .mdebug.abi32  0xa00026b4        0x0 /opt/microchip/xc32/v1.44/bin/bin/../../lib/gcc/pic32mx/4.8.3/../../../../pic32mx/lib/libmchp_peripheral_32MX795F512L.a(I2CSetFrequency.o)
 .mdebug.abi32  0xa00026b4        0x0 /opt/microchip/xc32/v1.44/bin/bin/../../lib/gcc/pic32mx/4.8.3/../../../../pic32mx/lib/libmchp_peripheral_32MX795F512L.a(I2CStart.o)
 .mdebug.abi32  0xa00026b4        0x0 /opt/microchip/xc32/v1.44/bin/bin/../../lib/gcc/pic32mx/4.8.3/../../../../pic32mx/lib/libmchp_peripheral_32MX795F512L.a(I2CStop.o)
 .mdebug.abi32  0xa00026b4        0x0 /opt/microchip/xc32/v1.44/bin/bin/../../lib/gcc/pic32mx/4.8.3/../../../../pic32mx/lib/libmchp_peripheral_32MX795F512L.a(I2CTransmissionHasCompleted.o)
 .mdebug.abi32  0xa00026b4        0x0 /opt/microchip/xc32/v1.44/bin/bin/../../lib/gcc/pic32mx/4.8.3/../../../../pic32mx/lib/libmchp_peripheral_32MX795F512L.a(int_enable_interrupts_lib.o)
 .mdebug.abi32  0xa00026b4        0x0 /opt/microchip/xc32/v1.44/bin/bin/../../lib/gcc/pic32mx/4.8.3/../../../../pic32mx/lib/libmchp_peripheral_32MX795F512L.a(_rtcc_set_time_and_date_lib.o)
 .mdebug.abi32  0xa00026b4        0x0 /opt/microchip/xc32/v1.44/bin/bin/../../lib/gcc/pic32mx/4.8.3/../../../../pic32mx/lib/libmchp_peripheral_32MX795F512L.a(_rtcc_wait_clock_off_lib.o)
 .mdebug.abi32  0xa00026b4        0x0 /opt/microchip/xc32/v1.44/bin/bin/../../lib/gcc/pic32mx/4.8.3/../../../../pic32mx/lib/libmchp_peripheral_32MX795F512L.a(I2CPrivate.o)
 .mdebug.abi32  0xa00026b4        0x0 /opt/microchip/xc32/v1.44/bin/bin/../../lib/gcc/pic32mx/4.8.3/libgcc.a(_udivdi3.o)
 .mdebug.abi32  0xa00026b4        0x0 /opt/microchip/xc32/v1.44/bin/bin/../../lib/gcc/pic32mx/4.8.3/../../../../pic32mx/lib/libpic32.a(default-bootstrap-exception-handler.o)
 .mdebug.abi32  0xa00026b4        0x0 /opt/microchip/xc32/v1.44/bin/bin/../../lib/gcc/pic32mx/4.8.3/../../../../pic32mx/lib/libpic32.a(default-on-reset.o)
 .mdebug.abi32  0xa00026b4        0x0 /opt/microchip/xc32/v1.44/bin/bin/../../lib/gcc/pic32mx/4.8.3/../../../../pic32mx/lib/libpic32.a(default-on-bootstrap.o)
 .mdebug.abi32  0xa00026b4        0x0 /opt/microchip/xc32/v1.44/bin/bin/../../lib/gcc/pic32mx/4.8.3/../../../../pic32mx/lib/libpic32.a(defaultinterrupt.o)
 .mdebug.abi32  0xa00026b4        0x0 /opt/microchip/xc32/v1.44/bin/bin/../../lib/gcc/pic32mx/4.8.3/../../../../pic32mx/lib/libc.a(atoi.o)
 .mdebug.abi32  0xa00026b4        0x0 /opt/microchip/xc32/v1.44/bin/bin/../../lib/gcc/pic32mx/4.8.3/../../../../pic32mx/lib/libc.a(atol.o)
 .mdebug.abi32  0xa00026b4        0x0 /opt/microchip/xc32/v1.44/bin/bin/../../lib/gcc/pic32mx/4.8.3/../../../../pic32mx/lib/libc.a(calloc.o)
 .mdebug.abi32  0xa00026b4        0x0 /opt/microchip/xc32/v1.44/bin/bin/../../lib/gcc/pic32mx/4.8.3/../../../../pic32mx/lib/libc.a(ctime.o)
 .mdebug.abi32  0xa00026b4        0x0 /opt/microchip/xc32/v1.44/bin/bin/../../lib/gcc/pic32mx/4.8.3/../../../../pic32mx/lib/libc.a(ctype.o)
 .mdebug.abi32  0xa00026b4        0x0 /opt/microchip/xc32/v1.44/bin/bin/../../lib/gcc/pic32mx/4.8.3/../../../../pic32mx/lib/libc.a(itoa.o)
 .mdebug.abi32  0xa00026b4        0x0 /opt/microchip/xc32/v1.44/bin/bin/../../lib/gcc/pic32mx/4.8.3/../../../../pic32mx/lib/libc.a(malloc.o)
 .mdebug.abi32  0xa00026b4        0x0 /opt/microchip/xc32/v1.44/bin/bin/../../lib/gcc/pic32mx/4.8.3/../../../../pic32mx/lib/libc.a(mktime.o)
 .mdebug.abi32  0xa00026b4        0x0 /opt/microchip/xc32/v1.44/bin/bin/../../lib/gcc/pic32mx/4.8.3/../../../../pic32mx/lib/libc.a(putchar.o)
 .mdebug.abi32  0xa00026b4        0x0 /opt/microchip/xc32/v1.44/bin/bin/../../lib/gcc/pic32mx/4.8.3/../../../../pic32mx/lib/libc.a(puts.o)
 .mdebug.abi32  0xa00026b4        0x0 /opt/microchip/xc32/v1.44/bin/bin/../../lib/gcc/pic32mx/4.8.3/../../../../pic32mx/lib/libc.a(rand.o)
 .mdebug.abi32  0xa00026b4        0x0 /opt/microchip/xc32/v1.44/bin/bin/../../lib/gcc/pic32mx/4.8.3/../../../../pic32mx/lib/libc.a(strncpy.o)
 .mdebug.abi32  0xa00026b4        0x0 /opt/microchip/xc32/v1.44/bin/bin/../../lib/gcc/pic32mx/4.8.3/../../../../pic32mx/lib/libc.a(printf_cdnopsuxX.eo)
 .mdebug.abi32  0xa00026b4        0x0 /opt/microchip/xc32/v1.44/bin/bin/../../lib/gcc/pic32mx/4.8.3/../../../../pic32mx/lib/libc.a(snprintf_cdnopuxX.eo)
 .mdebug.abi32  0xa00026b4        0x0 /opt/microchip/xc32/v1.44/bin/bin/../../lib/gcc/pic32mx/4.8.3/../../../../pic32mx/lib/libc.a(sprintf_cdnopsuxX.eo)
 .mdebug.abi32  0xa00026b4        0x0 /opt/microchip/xc32/v1.44/bin/bin/../../lib/gcc/pic32mx/4.8.3/../../../../pic32mx/lib/libc.a(sscanf_cdnopuxX.eo)
 .mdebug.abi32  0xa00026b4        0x0 /opt/microchip/xc32/v1.44/bin/bin/../../lib/gcc/pic32mx/4.8.3/../../../../pic32mx/lib/libc.a(vsnprintf_cdnopuxX.eo)
 .mdebug.abi32  0xa00026b4        0x0 /opt/microchip/xc32/v1.44/bin/bin/../../lib/gcc/pic32mx/4.8.3/../../../../pic32mx/lib/libc.a(_iob.o)
 .mdebug.abi32  0xa00026b4        0x0 /opt/microchip/xc32/v1.44/bin/bin/../../lib/gcc/pic32mx/4.8.3/../../../../pic32mx/lib/libc.a(_fputc_simple.o)
 .mdebug.abi32  0xa00026b4        0x0 /opt/microchip/xc32/v1.44/bin/bin/../../lib/gcc/pic32mx/4.8.3/../../../../pic32mx/lib/libc.a(doprnt_cdnopsuxX.eo)
 .mdebug.abi32  0xa00026b4        0x0 /opt/microchip/xc32/v1.44/bin/bin/../../lib/gcc/pic32mx/4.8.3/../../../../pic32mx/lib/libc.a(doscan_cdnopuxX.eo)
 .mdebug.abi32  0xa00026b4        0x0 /opt/microchip/xc32/v1.44/bin/bin/../../lib/gcc/pic32mx/4.8.3/../../../../pic32mx/lib/libc.a(_flsbuf_simple.o)
 .mdebug.abi32  0xa00026b4        0x0 /opt/microchip/xc32/v1.44/bin/bin/../../lib/gcc/pic32mx/4.8.3/../../../../pic32mx/lib/libc.a(fgetc.o)
 .mdebug.abi32  0xa00026b4        0x0 /opt/microchip/xc32/v1.44/bin/bin/../../lib/gcc/pic32mx/4.8.3/../../../../pic32mx/lib/libc.a(ctypef.o)
 .mdebug.abi32  0xa00026b4        0x0 /opt/microchip/xc32/v1.44/bin/bin/../../lib/gcc/pic32mx/4.8.3/../../../../pic32mx/lib/libc.a(ungetc.o)
 .mdebug.abi32  0xa00026b4        0x0 /opt/microchip/xc32/v1.44/bin/bin/../../lib/gcc/pic32mx/4.8.3/../../../../pic32mx/lib/libc.a(filbuf.o)
 .mdebug.abi32  0xa00026b4        0x0 /opt/microchip/xc32/v1.44/bin/bin/../../lib/gcc/pic32mx/4.8.3/../../../../pic32mx/lib/libc.a(fflush.o)
 .mdebug.abi32  0xa00026b4        0x0 /opt/microchip/xc32/v1.44/bin/bin/../../lib/gcc/pic32mx/4.8.3/libgcc.a(_umoddi3.o)
 .mdebug.abi32  0xa00026b4        0x0 /opt/microchip/xc32/v1.44/bin/bin/../../lib/gcc/pic32mx/4.8.3/../../../../pic32mx/lib/libpic32.a(sbrk.o)
 .mdebug.abi32  0xa00026b4        0x0 /opt/microchip/xc32/v1.44/bin/bin/../../lib/gcc/pic32mx/4.8.3/../../../../pic32mx/lib/libpic32.a(read.o)
 .mdebug.abi32  0xa00026b4        0x0 /opt/microchip/xc32/v1.44/bin/bin/../../lib/gcc/pic32mx/4.8.3/../../../../pic32mx/lib/libpic32.a(write.o)
 .mdebug.abi32  0xa00026b4        0x0 /opt/microchip/xc32/v1.44/bin/bin/../../lib/gcc/pic32mx/4.8.3/../../../../pic32mx/lib/libpic32.a(xc32_uart.o)
 .mdebug.abi32  0xa00026b4        0x0 /opt/microchip/xc32/v1.44/bin/bin/../../lib/gcc/pic32mx/4.8.3/../../../../pic32mx/lib/libpic32.a(errno.o)

.mdebug.abiN32
 *(.mdebug.abiN32)

.mdebug.abi64
 *(.mdebug.abi64)

.mdebug.abiO64
 *(.mdebug.abiO64)

.mdebug.eabi32
 *(.mdebug.eabi32)

.mdebug.eabi64
 *(.mdebug.eabi64)

.gcc_compiled_long32
 *(.gcc_compiled_long32)

.gcc_compiled_long64
 *(.gcc_compiled_long64)

.stab
 *(.stab)

.stabstr
 *(.stabstr)

.stab.excl
 *(.stab.excl)

.stab.exclstr
 *(.stab.exclstr)

.stab.index
 *(.stab.index)

.stab.indexstr
 *(.stab.indexstr)

.comment        0x00000000      0x1c2
 *(.comment)
 .comment       0x00000000       0x3c build/default/production/btn/buttons.o
                                 0x3d (size before relaxing)
 .comment       0x00000000       0x3d build/default/production/config/config.o
 .comment       0x00000000       0x3d build/default/production/delay/delay.o
 .comment       0x00000000       0x3d build/default/production/fatfs/ff.o
 .comment       0x00000000       0x3d build/default/production/fatfs/ffsystem.o
 .comment       0x00000000       0x3d build/default/production/fatfs/ffunicode.o
 .comment       0x00000000       0x3d build/default/production/fatfs/SPIFlash.o
 .comment       0x00000000       0x3d build/default/production/fatfs/diskio.o
 .comment       0x00000000       0x3d build/default/production/fatfs/sd.o
 .comment       0x00000000       0x3d build/default/production/lcd/hd44780.o
 .comment       0x00000000       0x3d build/default/production/lcd/i2c.o
 .comment       0x00000000       0x3d build/default/production/net/Announce.o
 .comment       0x00000000       0x3d build/default/production/net/ARCFOUR.o
 .comment       0x00000000       0x3d build/default/production/net/ARP.o
 .comment       0x00000000       0x3d build/default/production/net/AutoIP.o
 .comment       0x00000000       0x3d build/default/production/net/BerkeleyAPI.o
 .comment       0x00000000       0x3d build/default/production/net/BigInt.o
 .comment       0x00000000       0x3d build/default/production/CustomHTTPApp.o
 .comment       0x00000000       0x3d build/default/production/net/DHCP.o
 .comment       0x00000000       0x3d build/default/production/net/DNS.o
 .comment       0x00000000       0x3d build/default/production/net/FTP.o
 .comment       0x00000000       0x3d build/default/production/net/GenericTCPServer.o
 .comment       0x00000000       0x3d build/default/production/net/Hashes.o
 .comment       0x00000000       0x3d build/default/production/net/Helpers.o
 .comment       0x00000000       0x3d build/default/production/net/HTTP2.o
 .comment       0x00000000       0x3d build/default/production/net/ICMP.o
 .comment       0x00000000       0x3d build/default/production/net/IP.o
 .comment       0x00000000       0x3d build/default/production/net/MPFS2.o
 .comment       0x00000000       0x3d build/default/production/MPFSImg2.o
 .comment       0x00000000       0x3d build/default/production/net/NBNS.o
 .comment       0x00000000       0x3d build/default/production/net/Random.o
 .comment       0x00000000       0x3d build/default/production/net/Reboot.o
 .comment       0x00000000       0x3d build/default/production/net/RSA.o
 .comment       0x00000000       0x3d build/default/production/net/SMTP.o
 .comment       0x00000000       0x3d build/default/production/net/SNTP.o
 .comment       0x00000000       0x3d build/default/production/net/SSL.o
 .comment       0x00000000       0x3d build/default/production/net/StackTsk.o
 .comment       0x00000000       0x3d build/default/production/net/TCP.o
 .comment       0x00000000       0x3d build/default/production/net/Telnet.o
 .comment       0x00000000       0x3d build/default/production/net/Tick.o
 .comment       0x00000000       0x3d build/default/production/net/UDP.o
 .comment       0x00000000       0x3d build/default/production/net/ZeroconfHelper.o
 .comment       0x00000000       0x3d build/default/production/net/ZeroconfLinkLocal.o
 .comment       0x00000000       0x3d build/default/production/net/ZeroconfMulticastDNS.o
 .comment       0x00000000       0x3d build/default/production/net/ETHPIC32ExtPhy.o
 .comment       0x00000000       0x3d build/default/production/net/ETHPIC32ExtPhyDP83848.o
 .comment       0x00000000       0x3d build/default/production/net/ETHPIC32IntMac.o
 .comment       0x00000000       0x3d build/default/production/nvram/nvram.o
 .comment       0x00000000       0x3d build/default/production/time/time.o
 .comment       0x00000000       0x3d build/default/production/uart/uart.o
 .comment       0x00000000       0x3d build/default/production/usb/event.o
 .comment       0x00000000       0x3d build/default/production/usb/usb_config.o
 .comment       0x00000000       0x3d build/default/production/usb/usb_host.o
 .comment       0x00000000       0x3d build/default/production/usb/usb_host_msd.o
 .comment       0x00000000       0x3d build/default/production/usb/usb_host_msd_scsi.o
 .comment       0x00000000       0x3d build/default/production/vs1003/vs1003.o
 .comment       0x00000000       0x3d build/default/production/main.o
 .comment       0x00000000       0x3d build/default/production/common.o
 .comment       0x00000000       0x3d build/default/production/btn/rotary.o
 .comment       0x0000003c       0x3c /opt/microchip/xc32/v1.44/bin/bin/../../lib/gcc/pic32mx/4.8.3/../../../../pic32mx/lib/libmchp_peripheral.a(read_core_timer_lib.o)
                                 0x3d (size before relaxing)
 .comment       0x00000000       0x3d /opt/microchip/xc32/v1.44/bin/bin/../../lib/gcc/pic32mx/4.8.3/../../../../pic32mx/lib/libmchp_peripheral_32MX795F512L.a(eth_ack_packet_lib.o)
 .comment       0x00000000       0x3d /opt/microchip/xc32/v1.44/bin/bin/../../lib/gcc/pic32mx/4.8.3/../../../../pic32mx/lib/libmchp_peripheral_32MX795F512L.a(eth_descriptors_add_lib.o)
 .comment       0x00000000       0x3d /opt/microchip/xc32/v1.44/bin/bin/../../lib/gcc/pic32mx/4.8.3/../../../../pic32mx/lib/libmchp_peripheral_32MX795F512L.a(eth_init_lib.o)
 .comment       0x00000000       0x3d /opt/microchip/xc32/v1.44/bin/bin/../../lib/gcc/pic32mx/4.8.3/../../../../pic32mx/lib/libmchp_peripheral_32MX795F512L.a(eth_mac_open_lib.o)
 .comment       0x00000000       0x3d /opt/microchip/xc32/v1.44/bin/bin/../../lib/gcc/pic32mx/4.8.3/../../../../pic32mx/lib/libmchp_peripheral_32MX795F512L.a(eth_mac_set_address_max_lib.o)
 .comment       0x00000000       0x3d /opt/microchip/xc32/v1.44/bin/bin/../../lib/gcc/pic32mx/4.8.3/../../../../pic32mx/lib/libmchp_peripheral_32MX795F512L.a(eth_rx_buffers_append_lib.o)
 .comment       0x00000000       0x3d /opt/microchip/xc32/v1.44/bin/bin/../../lib/gcc/pic32mx/4.8.3/../../../../pic32mx/lib/libmchp_peripheral_32MX795F512L.a(eth_rx_filters_lib.o)
 .comment       0x00000000       0x3d /opt/microchip/xc32/v1.44/bin/bin/../../lib/gcc/pic32mx/4.8.3/../../../../pic32mx/lib/libmchp_peripheral_32MX795F512L.a(eth_rx_get_packet_lib.o)
 .comment       0x00000000       0x3d /opt/microchip/xc32/v1.44/bin/bin/../../lib/gcc/pic32mx/4.8.3/../../../../pic32mx/lib/libmchp_peripheral_32MX795F512L.a(eth_rx_set_buffer_size_lib.o)
 .comment       0x00000000       0x3d /opt/microchip/xc32/v1.44/bin/bin/../../lib/gcc/pic32mx/4.8.3/../../../../pic32mx/lib/libmchp_peripheral_32MX795F512L.a(eth_tx_packet_lib.o)
 .comment       0x00000000       0x3d /opt/microchip/xc32/v1.44/bin/bin/../../lib/gcc/pic32mx/4.8.3/../../../../pic32mx/lib/libmchp_peripheral_32MX795F512L.a(_eth_append_busy_list_lib.o)
 .comment       0x00000000       0x3d /opt/microchip/xc32/v1.44/bin/bin/../../lib/gcc/pic32mx/4.8.3/../../../../pic32mx/lib/libmchp_peripheral_32MX795F512L.a(eth_miim_access.o)
 .comment       0x00000000       0x3d /opt/microchip/xc32/v1.44/bin/bin/../../lib/gcc/pic32mx/4.8.3/../../../../pic32mx/lib/libmchp_peripheral_32MX795F512L.a(soft_reset_lib.o)
 .comment       0x00000000       0x3d /opt/microchip/xc32/v1.44/bin/bin/../../lib/gcc/pic32mx/4.8.3/../../../../pic32mx/lib/libmchp_peripheral_32MX795F512L.a(pcache.o)
 .comment       0x00000000       0x3d /opt/microchip/xc32/v1.44/bin/bin/../../lib/gcc/pic32mx/4.8.3/../../../../pic32mx/lib/libmchp_peripheral_32MX795F512L.a(int_disable_interrupts_lib.o)
 .comment       0x00000000       0x3d /opt/microchip/xc32/v1.44/bin/bin/../../lib/gcc/pic32mx/4.8.3/../../../../pic32mx/lib/libmchp_peripheral_32MX795F512L.a(int_restore_interrupts_lib.o)
 .comment       0x00000000       0x3d /opt/microchip/xc32/v1.44/bin/bin/../../lib/gcc/pic32mx/4.8.3/../../../../pic32mx/lib/libmchp_peripheral_32MX795F512L.a(int_enable_mv_int_lib.o)
 .comment       0x00000000       0x3d /opt/microchip/xc32/v1.44/bin/bin/../../lib/gcc/pic32mx/4.8.3/../../../../pic32mx/lib/libmchp_peripheral_32MX795F512L.a(int_tbl_lib.o)
 .comment       0x00000000       0x3d /opt/microchip/xc32/v1.44/bin/bin/../../lib/gcc/pic32mx/4.8.3/../../../../pic32mx/lib/libmchp_peripheral_32MX795F512L.a(rtcc_set_time_date_lib.o)
 .comment       0x00000000       0x3d /opt/microchip/xc32/v1.44/bin/bin/../../lib/gcc/pic32mx/4.8.3/../../../../pic32mx/lib/libmchp_peripheral_32MX795F512L.a(nvm_erase_page_lib.o)
 .comment       0x00000000       0x3d /opt/microchip/xc32/v1.44/bin/bin/../../lib/gcc/pic32mx/4.8.3/../../../../pic32mx/lib/libmchp_peripheral_32MX795F512L.a(nvm_operation_lib.o)
 .comment       0x00000000       0x3d /opt/microchip/xc32/v1.44/bin/bin/../../lib/gcc/pic32mx/4.8.3/../../../../pic32mx/lib/libmchp_peripheral_32MX795F512L.a(nvm_write_word_lib.o)
 .comment       0x00000000       0x3d /opt/microchip/xc32/v1.44/bin/bin/../../lib/gcc/pic32mx/4.8.3/../../../../pic32mx/lib/libmchp_peripheral_32MX795F512L.a(port_set_pins_digital_in_lib.o)
 .comment       0x00000000       0x3d /opt/microchip/xc32/v1.44/bin/bin/../../lib/gcc/pic32mx/4.8.3/../../../../pic32mx/lib/libmchp_peripheral_32MX795F512L.a(port_set_pins_digital_out_lib.o)
 .comment       0x00000000       0x3d /opt/microchip/xc32/v1.44/bin/bin/../../lib/gcc/pic32mx/4.8.3/../../../../pic32mx/lib/libmchp_peripheral_32MX795F512L.a(_ports_tbl_libp.o)
 .comment       0x00000000       0x3d /opt/microchip/xc32/v1.44/bin/bin/../../lib/gcc/pic32mx/4.8.3/../../../../pic32mx/lib/libmchp_peripheral_32MX795F512L.a(I2CAcknowledgeByte.o)
 .comment       0x00000000       0x3d /opt/microchip/xc32/v1.44/bin/bin/../../lib/gcc/pic32mx/4.8.3/../../../../pic32mx/lib/libmchp_peripheral_32MX795F512L.a(I2CAcknowledgeHasCompleted.o)
 .comment       0x00000000       0x3d /opt/microchip/xc32/v1.44/bin/bin/../../lib/gcc/pic32mx/4.8.3/../../../../pic32mx/lib/libmchp_peripheral_32MX795F512L.a(I2CByteWasAcknowledged.o)
 .comment       0x00000000       0x3d /opt/microchip/xc32/v1.44/bin/bin/../../lib/gcc/pic32mx/4.8.3/../../../../pic32mx/lib/libmchp_peripheral_32MX795F512L.a(I2CConfigure.o)
 .comment       0x00000000       0x3d /opt/microchip/xc32/v1.44/bin/bin/../../lib/gcc/pic32mx/4.8.3/../../../../pic32mx/lib/libmchp_peripheral_32MX795F512L.a(I2CEnable.o)
 .comment       0x00000000       0x3d /opt/microchip/xc32/v1.44/bin/bin/../../lib/gcc/pic32mx/4.8.3/../../../../pic32mx/lib/libmchp_peripheral_32MX795F512L.a(I2CGetByte.o)
 .comment       0x00000000       0x3d /opt/microchip/xc32/v1.44/bin/bin/../../lib/gcc/pic32mx/4.8.3/../../../../pic32mx/lib/libmchp_peripheral_32MX795F512L.a(I2CGetStatus.o)
 .comment       0x00000000       0x3d /opt/microchip/xc32/v1.44/bin/bin/../../lib/gcc/pic32mx/4.8.3/../../../../pic32mx/lib/libmchp_peripheral_32MX795F512L.a(I2CReceivedDataIsAvailable.o)
 .comment       0x00000000       0x3d /opt/microchip/xc32/v1.44/bin/bin/../../lib/gcc/pic32mx/4.8.3/../../../../pic32mx/lib/libmchp_peripheral_32MX795F512L.a(I2CReceiverEnable.o)
 .comment       0x00000000       0x3d /opt/microchip/xc32/v1.44/bin/bin/../../lib/gcc/pic32mx/4.8.3/../../../../pic32mx/lib/libmchp_peripheral_32MX795F512L.a(I2CSendByte.o)
 .comment       0x00000000       0x3d /opt/microchip/xc32/v1.44/bin/bin/../../lib/gcc/pic32mx/4.8.3/../../../../pic32mx/lib/libmchp_peripheral_32MX795F512L.a(I2CSetFrequency.o)
 .comment       0x00000000       0x3d /opt/microchip/xc32/v1.44/bin/bin/../../lib/gcc/pic32mx/4.8.3/../../../../pic32mx/lib/libmchp_peripheral_32MX795F512L.a(I2CStart.o)
 .comment       0x00000000       0x3d /opt/microchip/xc32/v1.44/bin/bin/../../lib/gcc/pic32mx/4.8.3/../../../../pic32mx/lib/libmchp_peripheral_32MX795F512L.a(I2CStop.o)
 .comment       0x00000000       0x3d /opt/microchip/xc32/v1.44/bin/bin/../../lib/gcc/pic32mx/4.8.3/../../../../pic32mx/lib/libmchp_peripheral_32MX795F512L.a(I2CTransmissionHasCompleted.o)
 .comment       0x00000000       0x3d /opt/microchip/xc32/v1.44/bin/bin/../../lib/gcc/pic32mx/4.8.3/../../../../pic32mx/lib/libmchp_peripheral_32MX795F512L.a(int_enable_interrupts_lib.o)
 .comment       0x00000000       0x3d /opt/microchip/xc32/v1.44/bin/bin/../../lib/gcc/pic32mx/4.8.3/../../../../pic32mx/lib/libmchp_peripheral_32MX795F512L.a(_rtcc_set_time_and_date_lib.o)
 .comment       0x00000000       0x3d /opt/microchip/xc32/v1.44/bin/bin/../../lib/gcc/pic32mx/4.8.3/../../../../pic32mx/lib/libmchp_peripheral_32MX795F512L.a(_rtcc_wait_clock_off_lib.o)
 .comment       0x00000000       0x3d /opt/microchip/xc32/v1.44/bin/bin/../../lib/gcc/pic32mx/4.8.3/../../../../pic32mx/lib/libmchp_peripheral_32MX795F512L.a(I2CPrivate.o)
 .comment       0x00000000       0x3d /opt/microchip/xc32/v1.44/bin/bin/../../lib/gcc/pic32mx/4.8.3/libgcc.a(_udivdi3.o)
 .comment       0x00000078       0x18 /opt/microchip/xc32/v1.44/bin/bin/../../lib/gcc/pic32mx/4.8.3/../../../../pic32mx/lib/libpic32.a(memcmp.o)
                                 0x19 (size before relaxing)
 .comment       0x00000090       0x18 /opt/microchip/xc32/v1.44/bin/bin/../../lib/gcc/pic32mx/4.8.3/../../../../pic32mx/lib/libpic32.a(memset.o)
                                 0x19 (size before relaxing)
 .comment       0x000000a8       0x19 /opt/microchip/xc32/v1.44/bin/bin/../../lib/gcc/pic32mx/4.8.3/../../../../pic32mx/lib/libpic32.a(strcmp.o)
                                 0x1a (size before relaxing)
 .comment       0x000000c1       0x19 /opt/microchip/xc32/v1.44/bin/bin/../../lib/gcc/pic32mx/4.8.3/../../../../pic32mx/lib/libpic32.a(strlen.o)
                                 0x1a (size before relaxing)
 .comment       0x00000000       0x3d /opt/microchip/xc32/v1.44/bin/bin/../../lib/gcc/pic32mx/4.8.3/../../../../pic32mx/lib/libpic32.a(default-bootstrap-exception-handler.o)
 .comment       0x00000000       0x3d /opt/microchip/xc32/v1.44/bin/bin/../../lib/gcc/pic32mx/4.8.3/../../../../pic32mx/lib/libpic32.a(default-on-reset.o)
 .comment       0x00000000       0x3d /opt/microchip/xc32/v1.44/bin/bin/../../lib/gcc/pic32mx/4.8.3/../../../../pic32mx/lib/libpic32.a(default-on-bootstrap.o)
 .comment       0x00000000       0x3d /opt/microchip/xc32/v1.44/bin/bin/../../lib/gcc/pic32mx/4.8.3/../../../../pic32mx/lib/libpic32.a(defaultinterrupt.o)
 .comment       0x00000000       0x3d /opt/microchip/xc32/v1.44/bin/bin/../../lib/gcc/pic32mx/4.8.3/../../../../pic32mx/lib/libc.a(atoi.o)
 .comment       0x00000000       0x3d /opt/microchip/xc32/v1.44/bin/bin/../../lib/gcc/pic32mx/4.8.3/../../../../pic32mx/lib/libc.a(atol.o)
 .comment       0x00000000       0x3d /opt/microchip/xc32/v1.44/bin/bin/../../lib/gcc/pic32mx/4.8.3/../../../../pic32mx/lib/libc.a(calloc.o)
 .comment       0x00000000       0x3d /opt/microchip/xc32/v1.44/bin/bin/../../lib/gcc/pic32mx/4.8.3/../../../../pic32mx/lib/libc.a(ctime.o)
 .comment       0x000000da       0x4e /opt/microchip/xc32/v1.44/bin/bin/../../lib/gcc/pic32mx/4.8.3/../../../../pic32mx/lib/libc.a(ctype.o)
                                 0x8b (size before relaxing)
 .comment       0x00000000       0x3d /opt/microchip/xc32/v1.44/bin/bin/../../lib/gcc/pic32mx/4.8.3/../../../../pic32mx/lib/libc.a(itoa.o)
 .comment       0x00000000       0x3d /opt/microchip/xc32/v1.44/bin/bin/../../lib/gcc/pic32mx/4.8.3/../../../../pic32mx/lib/libc.a(malloc.o)
 .comment       0x00000000       0x3d /opt/microchip/xc32/v1.44/bin/bin/../../lib/gcc/pic32mx/4.8.3/../../../../pic32mx/lib/libc.a(mktime.o)
 .comment       0x00000000       0x3d /opt/microchip/xc32/v1.44/bin/bin/../../lib/gcc/pic32mx/4.8.3/../../../../pic32mx/lib/libc.a(putchar.o)
 .comment       0x00000000       0x3d /opt/microchip/xc32/v1.44/bin/bin/../../lib/gcc/pic32mx/4.8.3/../../../../pic32mx/lib/libc.a(puts.o)
 .comment       0x00000000       0x3d /opt/microchip/xc32/v1.44/bin/bin/../../lib/gcc/pic32mx/4.8.3/../../../../pic32mx/lib/libc.a(rand.o)
 .comment       0x00000000       0x3d /opt/microchip/xc32/v1.44/bin/bin/../../lib/gcc/pic32mx/4.8.3/../../../../pic32mx/lib/libc.a(strncpy.o)
 .comment       0x00000000       0x3d /opt/microchip/xc32/v1.44/bin/bin/../../lib/gcc/pic32mx/4.8.3/../../../../pic32mx/lib/libc.a(printf_cdnopsuxX.eo)
 .comment       0x00000000       0x3d /opt/microchip/xc32/v1.44/bin/bin/../../lib/gcc/pic32mx/4.8.3/../../../../pic32mx/lib/libc.a(snprintf_cdnopuxX.eo)
 .comment       0x00000000       0x3d /opt/microchip/xc32/v1.44/bin/bin/../../lib/gcc/pic32mx/4.8.3/../../../../pic32mx/lib/libc.a(sprintf_cdnopsuxX.eo)
 .comment       0x00000000       0x3d /opt/microchip/xc32/v1.44/bin/bin/../../lib/gcc/pic32mx/4.8.3/../../../../pic32mx/lib/libc.a(sscanf_cdnopuxX.eo)
 .comment       0x00000000       0x3d /opt/microchip/xc32/v1.44/bin/bin/../../lib/gcc/pic32mx/4.8.3/../../../../pic32mx/lib/libc.a(vsnprintf_cdnopuxX.eo)
 .comment       0x00000000       0x3d /opt/microchip/xc32/v1.44/bin/bin/../../lib/gcc/pic32mx/4.8.3/../../../../pic32mx/lib/libc.a(_iob.o)
 .comment       0x00000000       0x3d /opt/microchip/xc32/v1.44/bin/bin/../../lib/gcc/pic32mx/4.8.3/../../../../pic32mx/lib/libc.a(_fputc_simple.o)
 .comment       0x00000000       0x3d /opt/microchip/xc32/v1.44/bin/bin/../../lib/gcc/pic32mx/4.8.3/../../../../pic32mx/lib/libc.a(doprnt_cdnopsuxX.eo)
 .comment       0x00000000       0x3d /opt/microchip/xc32/v1.44/bin/bin/../../lib/gcc/pic32mx/4.8.3/../../../../pic32mx/lib/libc.a(doscan_cdnopuxX.eo)
 .comment       0x00000000       0x3d /opt/microchip/xc32/v1.44/bin/bin/../../lib/gcc/pic32mx/4.8.3/../../../../pic32mx/lib/libc.a(_flsbuf_simple.o)
 .comment       0x00000000       0x3d /opt/microchip/xc32/v1.44/bin/bin/../../lib/gcc/pic32mx/4.8.3/../../../../pic32mx/lib/libc.a(fgetc.o)
 .comment       0x00000128       0x4f /opt/microchip/xc32/v1.44/bin/bin/../../lib/gcc/pic32mx/4.8.3/../../../../pic32mx/lib/libc.a(ctypef.o)
                                 0x8c (size before relaxing)
 .comment       0x00000000       0x3d /opt/microchip/xc32/v1.44/bin/bin/../../lib/gcc/pic32mx/4.8.3/../../../../pic32mx/lib/libc.a(ungetc.o)
 .comment       0x00000000       0x3d /opt/microchip/xc32/v1.44/bin/bin/../../lib/gcc/pic32mx/4.8.3/../../../../pic32mx/lib/libc.a(filbuf.o)
 .comment       0x00000000       0x3d /opt/microchip/xc32/v1.44/bin/bin/../../lib/gcc/pic32mx/4.8.3/../../../../pic32mx/lib/libc.a(fflush.o)
 .comment       0x00000000       0x3d /opt/microchip/xc32/v1.44/bin/bin/../../lib/gcc/pic32mx/4.8.3/libgcc.a(_umoddi3.o)
 .comment       0x00000177       0x4b /opt/microchip/xc32/v1.44/bin/bin/../../lib/gcc/pic32mx/4.8.3/../../../../pic32mx/lib/libpic32.a(sbrk.o)
                                 0x88 (size before relaxing)
 .comment       0x00000000       0x3d /opt/microchip/xc32/v1.44/bin/bin/../../lib/gcc/pic32mx/4.8.3/../../../../pic32mx/lib/libpic32.a(read.o)
 .comment       0x00000000       0x3d /opt/microchip/xc32/v1.44/bin/bin/../../lib/gcc/pic32mx/4.8.3/../../../../pic32mx/lib/libpic32.a(write.o)
 .comment       0x00000000       0x3d /opt/microchip/xc32/v1.44/bin/bin/../../lib/gcc/pic32mx/4.8.3/../../../../pic32mx/lib/libpic32.a(xc32_uart.o)
 .comment       0x00000000       0x3d /opt/microchip/xc32/v1.44/bin/bin/../../lib/gcc/pic32mx/4.8.3/../../../../pic32mx/lib/libpic32.a(errno.o)

.debug
 *(.debug)

.line
 *(.line)

.debug_srcinfo
 *(.debug_srcinfo)

.debug_sfnames
 *(.debug_sfnames)

.debug_aranges  0x00000000     0x1248
 *(.debug_aranges)
 .debug_aranges
                0x00000000       0x20 build/default/production/btn/buttons.o
 .debug_aranges
                0x00000020       0x20 build/default/production/config/config.o
 .debug_aranges
                0x00000040       0x20 build/default/production/delay/delay.o
 .debug_aranges
                0x00000060       0x20 build/default/production/fatfs/ff.o
 .debug_aranges
                0x00000080       0x18 build/default/production/fatfs/ffsystem.o
 .debug_aranges
                0x00000098       0x20 build/default/production/fatfs/ffunicode.o
 .debug_aranges
                0x000000b8       0x20 build/default/production/fatfs/SPIFlash.o
 .debug_aranges
                0x000000d8       0x20 build/default/production/fatfs/diskio.o
 .debug_aranges
                0x000000f8       0x20 build/default/production/fatfs/sd.o
 .debug_aranges
                0x00000118       0x20 build/default/production/lcd/hd44780.o
 .debug_aranges
                0x00000138       0x20 build/default/production/lcd/i2c.o
 .debug_aranges
                0x00000158       0x18 build/default/production/net/Announce.o
 .debug_aranges
                0x00000170       0x18 build/default/production/net/ARCFOUR.o
 .debug_aranges
                0x00000188       0x20 build/default/production/net/ARP.o
 .debug_aranges
                0x000001a8       0x18 build/default/production/net/AutoIP.o
 .debug_aranges
                0x000001c0       0x18 build/default/production/net/BerkeleyAPI.o
 .debug_aranges
                0x000001d8       0x18 build/default/production/net/BigInt.o
 .debug_aranges
                0x000001f0       0x20 build/default/production/CustomHTTPApp.o
 .debug_aranges
                0x00000210       0x20 build/default/production/net/DHCP.o
 .debug_aranges
                0x00000230       0x20 build/default/production/net/DNS.o
 .debug_aranges
                0x00000250       0x18 build/default/production/net/FTP.o
 .debug_aranges
                0x00000268       0x20 build/default/production/net/GenericTCPServer.o
 .debug_aranges
                0x00000288       0x18 build/default/production/net/Hashes.o
 .debug_aranges
                0x000002a0       0x20 build/default/production/net/Helpers.o
 .debug_aranges
                0x000002c0       0x20 build/default/production/net/HTTP2.o
 .debug_aranges
                0x000002e0       0x20 build/default/production/net/ICMP.o
 .debug_aranges
                0x00000300       0x20 build/default/production/net/IP.o
 .debug_aranges
                0x00000320       0x20 build/default/production/net/MPFS2.o
 .debug_aranges
                0x00000340       0x18 build/default/production/MPFSImg2.o
 .debug_aranges
                0x00000358       0x18 build/default/production/net/NBNS.o
 .debug_aranges
                0x00000370       0x18 build/default/production/net/Random.o
 .debug_aranges
                0x00000388       0x18 build/default/production/net/Reboot.o
 .debug_aranges
                0x000003a0       0x18 build/default/production/net/RSA.o
 .debug_aranges
                0x000003b8       0x18 build/default/production/net/SMTP.o
 .debug_aranges
                0x000003d0       0x20 build/default/production/net/SNTP.o
 .debug_aranges
                0x000003f0       0x18 build/default/production/net/SSL.o
 .debug_aranges
                0x00000408       0x20 build/default/production/net/StackTsk.o
 .debug_aranges
                0x00000428       0x20 build/default/production/net/TCP.o
 .debug_aranges
                0x00000448       0x18 build/default/production/net/Telnet.o
 .debug_aranges
                0x00000460       0x20 build/default/production/net/Tick.o
 .debug_aranges
                0x00000480       0x20 build/default/production/net/UDP.o
 .debug_aranges
                0x000004a0       0x18 build/default/production/net/ZeroconfHelper.o
 .debug_aranges
                0x000004b8       0x18 build/default/production/net/ZeroconfLinkLocal.o
 .debug_aranges
                0x000004d0       0x18 build/default/production/net/ZeroconfMulticastDNS.o
 .debug_aranges
                0x000004e8       0x20 build/default/production/net/ETHPIC32ExtPhy.o
 .debug_aranges
                0x00000508       0x20 build/default/production/net/ETHPIC32ExtPhyDP83848.o
 .debug_aranges
                0x00000528       0x20 build/default/production/net/ETHPIC32IntMac.o
 .debug_aranges
                0x00000548       0x20 build/default/production/nvram/nvram.o
 .debug_aranges
                0x00000568       0x20 build/default/production/time/time.o
 .debug_aranges
                0x00000588       0x20 build/default/production/uart/uart.o
 .debug_aranges
                0x000005a8       0x20 build/default/production/usb/event.o
 .debug_aranges
                0x000005c8       0x18 build/default/production/usb/usb_config.o
 .debug_aranges
                0x000005e0       0x20 build/default/production/usb/usb_host.o
 .debug_aranges
                0x00000600       0x20 build/default/production/usb/usb_host_msd.o
 .debug_aranges
                0x00000620       0x20 build/default/production/usb/usb_host_msd_scsi.o
 .debug_aranges
                0x00000640       0x20 build/default/production/vs1003/vs1003.o
 .debug_aranges
                0x00000660       0x20 build/default/production/main.o
 .debug_aranges
                0x00000680       0x20 build/default/production/common.o
 .debug_aranges
                0x000006a0       0x20 build/default/production/btn/rotary.o
 .debug_aranges
                0x000006c0       0x20 /opt/microchip/xc32/v1.44/bin/bin/../../lib/gcc/pic32mx/4.8.3/../../../../pic32mx/lib/libmchp_peripheral.a(read_core_timer_lib.o)
 .debug_aranges
                0x000006e0       0x48 /opt/microchip/xc32/v1.44/bin/bin/../../lib/gcc/pic32mx/4.8.3/../../../../pic32mx/lib/libmchp_peripheral_32MX795F512L.a(eth_ack_packet_lib.o)
 .debug_aranges
                0x00000728       0x28 /opt/microchip/xc32/v1.44/bin/bin/../../lib/gcc/pic32mx/4.8.3/../../../../pic32mx/lib/libmchp_peripheral_32MX795F512L.a(eth_descriptors_add_lib.o)
 .debug_aranges
                0x00000750       0x20 /opt/microchip/xc32/v1.44/bin/bin/../../lib/gcc/pic32mx/4.8.3/../../../../pic32mx/lib/libmchp_peripheral_32MX795F512L.a(eth_init_lib.o)
 .debug_aranges
                0x00000770       0x20 /opt/microchip/xc32/v1.44/bin/bin/../../lib/gcc/pic32mx/4.8.3/../../../../pic32mx/lib/libmchp_peripheral_32MX795F512L.a(eth_mac_open_lib.o)
 .debug_aranges
                0x00000790       0x30 /opt/microchip/xc32/v1.44/bin/bin/../../lib/gcc/pic32mx/4.8.3/../../../../pic32mx/lib/libmchp_peripheral_32MX795F512L.a(eth_mac_set_address_max_lib.o)
 .debug_aranges
                0x000007c0       0x20 /opt/microchip/xc32/v1.44/bin/bin/../../lib/gcc/pic32mx/4.8.3/../../../../pic32mx/lib/libmchp_peripheral_32MX795F512L.a(eth_rx_buffers_append_lib.o)
 .debug_aranges
                0x000007e0       0x48 /opt/microchip/xc32/v1.44/bin/bin/../../lib/gcc/pic32mx/4.8.3/../../../../pic32mx/lib/libmchp_peripheral_32MX795F512L.a(eth_rx_filters_lib.o)
 .debug_aranges
                0x00000828       0x28 /opt/microchip/xc32/v1.44/bin/bin/../../lib/gcc/pic32mx/4.8.3/../../../../pic32mx/lib/libmchp_peripheral_32MX795F512L.a(eth_rx_get_packet_lib.o)
 .debug_aranges
                0x00000850       0x20 /opt/microchip/xc32/v1.44/bin/bin/../../lib/gcc/pic32mx/4.8.3/../../../../pic32mx/lib/libmchp_peripheral_32MX795F512L.a(eth_rx_set_buffer_size_lib.o)
 .debug_aranges
                0x00000870       0x48 /opt/microchip/xc32/v1.44/bin/bin/../../lib/gcc/pic32mx/4.8.3/../../../../pic32mx/lib/libmchp_peripheral_32MX795F512L.a(eth_tx_packet_lib.o)
 .debug_aranges
                0x000008b8       0x20 /opt/microchip/xc32/v1.44/bin/bin/../../lib/gcc/pic32mx/4.8.3/../../../../pic32mx/lib/libmchp_peripheral_32MX795F512L.a(_eth_append_busy_list_lib.o)
 .debug_aranges
                0x000008d8       0x48 /opt/microchip/xc32/v1.44/bin/bin/../../lib/gcc/pic32mx/4.8.3/../../../../pic32mx/lib/libmchp_peripheral_32MX795F512L.a(eth_miim_access.o)
 .debug_aranges
                0x00000920       0x20 /opt/microchip/xc32/v1.44/bin/bin/../../lib/gcc/pic32mx/4.8.3/../../../../pic32mx/lib/libmchp_peripheral_32MX795F512L.a(soft_reset_lib.o)
 .debug_aranges
                0x00000940       0x28 /opt/microchip/xc32/v1.44/bin/bin/../../lib/gcc/pic32mx/4.8.3/../../../../pic32mx/lib/libmchp_peripheral_32MX795F512L.a(pcache.o)
 .debug_aranges
                0x00000968       0x20 /opt/microchip/xc32/v1.44/bin/bin/../../lib/gcc/pic32mx/4.8.3/../../../../pic32mx/lib/libmchp_peripheral_32MX795F512L.a(int_disable_interrupts_lib.o)
 .debug_aranges
                0x00000988       0x20 /opt/microchip/xc32/v1.44/bin/bin/../../lib/gcc/pic32mx/4.8.3/../../../../pic32mx/lib/libmchp_peripheral_32MX795F512L.a(int_restore_interrupts_lib.o)
 .debug_aranges
                0x000009a8       0x20 /opt/microchip/xc32/v1.44/bin/bin/../../lib/gcc/pic32mx/4.8.3/../../../../pic32mx/lib/libmchp_peripheral_32MX795F512L.a(int_enable_mv_int_lib.o)
 .debug_aranges
                0x000009c8       0x60 /opt/microchip/xc32/v1.44/bin/bin/../../lib/gcc/pic32mx/4.8.3/../../../../pic32mx/lib/libmchp_peripheral_32MX795F512L.a(int_tbl_lib.o)
 .debug_aranges
                0x00000a28       0x20 /opt/microchip/xc32/v1.44/bin/bin/../../lib/gcc/pic32mx/4.8.3/../../../../pic32mx/lib/libmchp_peripheral_32MX795F512L.a(rtcc_set_time_date_lib.o)
 .debug_aranges
                0x00000a48       0x20 /opt/microchip/xc32/v1.44/bin/bin/../../lib/gcc/pic32mx/4.8.3/../../../../pic32mx/lib/libmchp_peripheral_32MX795F512L.a(nvm_erase_page_lib.o)
 .debug_aranges
                0x00000a68       0x20 /opt/microchip/xc32/v1.44/bin/bin/../../lib/gcc/pic32mx/4.8.3/../../../../pic32mx/lib/libmchp_peripheral_32MX795F512L.a(nvm_operation_lib.o)
 .debug_aranges
                0x00000a88       0x20 /opt/microchip/xc32/v1.44/bin/bin/../../lib/gcc/pic32mx/4.8.3/../../../../pic32mx/lib/libmchp_peripheral_32MX795F512L.a(nvm_write_word_lib.o)
 .debug_aranges
                0x00000aa8       0x20 /opt/microchip/xc32/v1.44/bin/bin/../../lib/gcc/pic32mx/4.8.3/../../../../pic32mx/lib/libmchp_peripheral_32MX795F512L.a(port_set_pins_digital_in_lib.o)
 .debug_aranges
                0x00000ac8       0x20 /opt/microchip/xc32/v1.44/bin/bin/../../lib/gcc/pic32mx/4.8.3/../../../../pic32mx/lib/libmchp_peripheral_32MX795F512L.a(port_set_pins_digital_out_lib.o)
 .debug_aranges
                0x00000ae8       0x20 /opt/microchip/xc32/v1.44/bin/bin/../../lib/gcc/pic32mx/4.8.3/../../../../pic32mx/lib/libmchp_peripheral_32MX795F512L.a(I2CAcknowledgeByte.o)
 .debug_aranges
                0x00000b08       0x20 /opt/microchip/xc32/v1.44/bin/bin/../../lib/gcc/pic32mx/4.8.3/../../../../pic32mx/lib/libmchp_peripheral_32MX795F512L.a(I2CAcknowledgeHasCompleted.o)
 .debug_aranges
                0x00000b28       0x20 /opt/microchip/xc32/v1.44/bin/bin/../../lib/gcc/pic32mx/4.8.3/../../../../pic32mx/lib/libmchp_peripheral_32MX795F512L.a(I2CByteWasAcknowledged.o)
 .debug_aranges
                0x00000b48       0x20 /opt/microchip/xc32/v1.44/bin/bin/../../lib/gcc/pic32mx/4.8.3/../../../../pic32mx/lib/libmchp_peripheral_32MX795F512L.a(I2CConfigure.o)
 .debug_aranges
                0x00000b68       0x20 /opt/microchip/xc32/v1.44/bin/bin/../../lib/gcc/pic32mx/4.8.3/../../../../pic32mx/lib/libmchp_peripheral_32MX795F512L.a(I2CEnable.o)
 .debug_aranges
                0x00000b88       0x20 /opt/microchip/xc32/v1.44/bin/bin/../../lib/gcc/pic32mx/4.8.3/../../../../pic32mx/lib/libmchp_peripheral_32MX795F512L.a(I2CGetByte.o)
 .debug_aranges
                0x00000ba8       0x20 /opt/microchip/xc32/v1.44/bin/bin/../../lib/gcc/pic32mx/4.8.3/../../../../pic32mx/lib/libmchp_peripheral_32MX795F512L.a(I2CGetStatus.o)
 .debug_aranges
                0x00000bc8       0x20 /opt/microchip/xc32/v1.44/bin/bin/../../lib/gcc/pic32mx/4.8.3/../../../../pic32mx/lib/libmchp_peripheral_32MX795F512L.a(I2CReceivedDataIsAvailable.o)
 .debug_aranges
                0x00000be8       0x20 /opt/microchip/xc32/v1.44/bin/bin/../../lib/gcc/pic32mx/4.8.3/../../../../pic32mx/lib/libmchp_peripheral_32MX795F512L.a(I2CReceiverEnable.o)
 .debug_aranges
                0x00000c08       0x20 /opt/microchip/xc32/v1.44/bin/bin/../../lib/gcc/pic32mx/4.8.3/../../../../pic32mx/lib/libmchp_peripheral_32MX795F512L.a(I2CSendByte.o)
 .debug_aranges
                0x00000c28       0x20 /opt/microchip/xc32/v1.44/bin/bin/../../lib/gcc/pic32mx/4.8.3/../../../../pic32mx/lib/libmchp_peripheral_32MX795F512L.a(I2CSetFrequency.o)
 .debug_aranges
                0x00000c48       0x20 /opt/microchip/xc32/v1.44/bin/bin/../../lib/gcc/pic32mx/4.8.3/../../../../pic32mx/lib/libmchp_peripheral_32MX795F512L.a(I2CStart.o)
 .debug_aranges
                0x00000c68       0x20 /opt/microchip/xc32/v1.44/bin/bin/../../lib/gcc/pic32mx/4.8.3/../../../../pic32mx/lib/libmchp_peripheral_32MX795F512L.a(I2CStop.o)
 .debug_aranges
                0x00000c88       0x20 /opt/microchip/xc32/v1.44/bin/bin/../../lib/gcc/pic32mx/4.8.3/../../../../pic32mx/lib/libmchp_peripheral_32MX795F512L.a(I2CTransmissionHasCompleted.o)
 .debug_aranges
                0x00000ca8       0x20 /opt/microchip/xc32/v1.44/bin/bin/../../lib/gcc/pic32mx/4.8.3/../../../../pic32mx/lib/libmchp_peripheral_32MX795F512L.a(int_enable_interrupts_lib.o)
 .debug_aranges